Archive member included to satisfy reference by file (symbol)

/Applications/ArmGNUToolchain/13.3.rel1/arm-none-eabi/bin/../lib/gcc/arm-none-eabi/13.3.1/thumb/v7e-m/nofp/libgcc.a(_aeabi_uldivmod.o)
                              CMakeFiles/modbus.elf.dir/Drivers/STM32F4xx_HAL_Driver/Src/stm32f4xx_hal_rcc.c.obj (__aeabi_uldivmod)
/Applications/ArmGNUToolchain/13.3.rel1/arm-none-eabi/bin/../lib/gcc/arm-none-eabi/13.3.1/thumb/v7e-m/nofp/libgcc.a(_udivmoddi4.o)
                              /Applications/ArmGNUToolchain/13.3.rel1/arm-none-eabi/bin/../lib/gcc/arm-none-eabi/13.3.1/thumb/v7e-m/nofp/libgcc.a(_aeabi_uldivmod.o) (__udivmoddi4)
/Applications/ArmGNUToolchain/13.3.rel1/arm-none-eabi/bin/../lib/gcc/arm-none-eabi/13.3.1/thumb/v7e-m/nofp/libgcc.a(_dvmd_tls.o)
                              /Applications/ArmGNUToolchain/13.3.rel1/arm-none-eabi/bin/../lib/gcc/arm-none-eabi/13.3.1/thumb/v7e-m/nofp/libgcc.a(_aeabi_uldivmod.o) (__aeabi_ldiv0)
/Applications/ArmGNUToolchain/13.3.rel1/arm-none-eabi/bin/../lib/gcc/arm-none-eabi/13.3.1/../../../../arm-none-eabi/lib/thumb/v7e-m/nofp/libg.a(libc_a-exit.o)
                              /Applications/ArmGNUToolchain/13.3.rel1/arm-none-eabi/bin/../lib/gcc/arm-none-eabi/13.3.1/../../../../arm-none-eabi/lib/thumb/v7e-m/nofp/crt0.o (exit)
/Applications/ArmGNUToolchain/13.3.rel1/arm-none-eabi/bin/../lib/gcc/arm-none-eabi/13.3.1/../../../../arm-none-eabi/lib/thumb/v7e-m/nofp/libg.a(libc_a-findfp.o)
                              /Applications/ArmGNUToolchain/13.3.rel1/arm-none-eabi/bin/../lib/gcc/arm-none-eabi/13.3.1/../../../../arm-none-eabi/lib/thumb/v7e-m/nofp/libg.a(libc_a-exit.o) (__stdio_exit_handler)
/Applications/ArmGNUToolchain/13.3.rel1/arm-none-eabi/bin/../lib/gcc/arm-none-eabi/13.3.1/../../../../arm-none-eabi/lib/thumb/v7e-m/nofp/libg.a(libc_a-memset.o)
                              /Applications/ArmGNUToolchain/13.3.rel1/arm-none-eabi/bin/../lib/gcc/arm-none-eabi/13.3.1/../../../../arm-none-eabi/lib/thumb/v7e-m/nofp/crt0.o (memset)
/Applications/ArmGNUToolchain/13.3.rel1/arm-none-eabi/bin/../lib/gcc/arm-none-eabi/13.3.1/../../../../arm-none-eabi/lib/thumb/v7e-m/nofp/libg.a(libc_a-impure.o)
                              /Applications/ArmGNUToolchain/13.3.rel1/arm-none-eabi/bin/../lib/gcc/arm-none-eabi/13.3.1/../../../../arm-none-eabi/lib/thumb/v7e-m/nofp/libg.a(libc_a-findfp.o) (_impure_data)
/Applications/ArmGNUToolchain/13.3.rel1/arm-none-eabi/bin/../lib/gcc/arm-none-eabi/13.3.1/../../../../arm-none-eabi/lib/thumb/v7e-m/nofp/libg.a(libc_a-errno.o)
                              CMakeFiles/modbus.elf.dir/Core/Src/syscalls.c.obj (__errno)
/Applications/ArmGNUToolchain/13.3.rel1/arm-none-eabi/bin/../lib/gcc/arm-none-eabi/13.3.1/../../../../arm-none-eabi/lib/thumb/v7e-m/nofp/libg.a(libc_a-init.o)
                              /Applications/ArmGNUToolchain/13.3.rel1/arm-none-eabi/bin/../lib/gcc/arm-none-eabi/13.3.1/../../../../arm-none-eabi/lib/thumb/v7e-m/nofp/crt0.o (__libc_init_array)
/Applications/ArmGNUToolchain/13.3.rel1/arm-none-eabi/bin/../lib/gcc/arm-none-eabi/13.3.1/../../../../arm-none-eabi/lib/thumb/v7e-m/nofp/libg.a(libc_a-lock.o)
                              /Applications/ArmGNUToolchain/13.3.rel1/arm-none-eabi/bin/../lib/gcc/arm-none-eabi/13.3.1/../../../../arm-none-eabi/lib/thumb/v7e-m/nofp/libg.a(libc_a-findfp.o) (__retarget_lock_init_recursive)
/Applications/ArmGNUToolchain/13.3.rel1/arm-none-eabi/bin/../lib/gcc/arm-none-eabi/13.3.1/../../../../arm-none-eabi/lib/thumb/v7e-m/nofp/libg.a(libc_a-__call_atexit.o)
                              /Applications/ArmGNUToolchain/13.3.rel1/arm-none-eabi/bin/../lib/gcc/arm-none-eabi/13.3.1/../../../../arm-none-eabi/lib/thumb/v7e-m/nofp/libg.a(libc_a-exit.o) (__call_exitprocs)
/Applications/ArmGNUToolchain/13.3.rel1/arm-none-eabi/bin/../lib/gcc/arm-none-eabi/13.3.1/../../../../arm-none-eabi/lib/thumb/v7e-m/nofp/libg.a(libc_a-atexit.o)
                              /Applications/ArmGNUToolchain/13.3.rel1/arm-none-eabi/bin/../lib/gcc/arm-none-eabi/13.3.1/../../../../arm-none-eabi/lib/thumb/v7e-m/nofp/libg.a(libc_a-__call_atexit.o) (atexit)
/Applications/ArmGNUToolchain/13.3.rel1/arm-none-eabi/bin/../lib/gcc/arm-none-eabi/13.3.1/../../../../arm-none-eabi/lib/thumb/v7e-m/nofp/libg.a(libc_a-mallocr.o)
                              /Applications/ArmGNUToolchain/13.3.rel1/arm-none-eabi/bin/../lib/gcc/arm-none-eabi/13.3.1/../../../../arm-none-eabi/lib/thumb/v7e-m/nofp/libg.a(libc_a-findfp.o) (_malloc_r)
/Applications/ArmGNUToolchain/13.3.rel1/arm-none-eabi/bin/../lib/gcc/arm-none-eabi/13.3.1/../../../../arm-none-eabi/lib/thumb/v7e-m/nofp/libg.a(libc_a-mlock.o)
                              /Applications/ArmGNUToolchain/13.3.rel1/arm-none-eabi/bin/../lib/gcc/arm-none-eabi/13.3.1/../../../../arm-none-eabi/lib/thumb/v7e-m/nofp/libg.a(libc_a-mallocr.o) (__malloc_lock)
/Applications/ArmGNUToolchain/13.3.rel1/arm-none-eabi/bin/../lib/gcc/arm-none-eabi/13.3.1/../../../../arm-none-eabi/lib/thumb/v7e-m/nofp/libg.a(libc_a-fwalk.o)
[...]
Memory Configuration

Name             Origin             Length             Attributes
RAM              0x20000000         0x00020000         xrw
FLASH            0x08000000         0x00080000         xr
*default*        0x00000000         0xffffffff

Linker script and memory map

LOAD /Applications/ArmGNUToolchain/13.3.rel1/arm-none-eabi/bin/../lib/gcc/arm-none-eabi/13.3.1/thumb/v7e-m/nofp/crti.o
LOAD /Applications/ArmGNUToolchain/13.3.rel1/arm-none-eabi/bin/../lib/gcc/arm-none-eabi/13.3.1/thumb/v7e-m/nofp/crtbegin.o
LOAD /Applications/ArmGNUToolchain/13.3.rel1/arm-none-eabi/bin/../lib/gcc/arm-none-eabi/13.3.1/../../../../arm-none-eabi/lib/thumb/v7e-m/nofp/crt0.o
LOAD CMakeFiles/modbus.elf.dir/Core/Src/adc.c.obj
LOAD CMakeFiles/modbus.elf.dir/Core/Src/crc.c.obj
LOAD CMakeFiles/modbus.elf.dir/Core/Src/dma.c.obj
LOAD CMakeFiles/modbus.elf.dir/Core/Src/gpio.c.obj
LOAD CMakeFiles/modbus.elf.dir/Core/Src/main.c.obj
LOAD CMakeFiles/modbus.elf.dir/Core/Src/modbus.c.obj
LOAD CMakeFiles/modbus.elf.dir/Core/Src/stm32f4xx_hal_msp.c.obj
LOAD CMakeFiles/modbus.elf.dir/Core/Src/stm32f4xx_it.c.obj
LOAD CMakeFiles/modbus.elf.dir/Core/Src/syscalls.c.obj
LOAD CMakeFiles/modbus.elf.dir/Core/Src/sysmem.c.obj
LOAD CMakeFiles/modbus.elf.dir/Core/Src/system_stm32f4xx.c.obj
LOAD CMakeFiles/modbus.elf.dir/Core/Src/tim.c.obj
LOAD CMakeFiles/modbus.elf.dir/Core/Src/usart.c.obj
LOAD CMakeFiles/modbus.elf.dir/Core/Startup/startup_stm32f411ceux.s.obj
LOAD CMakeFiles/modbus.elf.dir/Drivers/STM32F4xx_HAL_Driver/Src/stm32f4xx_hal.c.obj
LOAD CMakeFiles/modbus.elf.dir/Drivers/STM32F4xx_HAL_Driver/Src/stm32f4xx_hal_adc.c.obj
LOAD CMakeFiles/modbus.elf.dir/Drivers/STM32F4xx_HAL_Driver/Src/stm32f4xx_hal_adc_ex.c.obj
LOAD CMakeFiles/modbus.elf.dir/Drivers/STM32F4xx_HAL_Driver/Src/stm32f4xx_hal_cortex.c.obj
LOAD CMakeFiles/modbus.elf.dir/Drivers/STM32F4xx_HAL_Driver/Src/stm32f4xx_hal_dma.c.obj
LOAD CMakeFiles/modbus.elf.dir/Drivers/STM32F4xx_HAL_Driver/Src/stm32f4xx_hal_dma_ex.c.obj
LOAD CMakeFiles/modbus.elf.dir/Drivers/STM32F4xx_HAL_Driver/Src/stm32f4xx_hal_exti.c.obj
LOAD CMakeFiles/modbus.elf.dir/Drivers/STM32F4xx_HAL_Driver/Src/stm32f4xx_hal_flash.c.obj
LOAD CMakeFiles/modbus.elf.dir/Drivers/STM32F4xx_HAL_Driver/Src/stm32f4xx_hal_flash_ex.c.obj
LOAD CMakeFiles/modbus.elf.dir/Drivers/STM32F4xx_HAL_Driver/Src/stm32f4xx_hal_flash_ramfunc.c.obj
LOAD CMakeFiles/modbus.elf.dir/Drivers/STM32F4xx_HAL_Driver/Src/stm32f4xx_hal_gpio.c.obj
LOAD CMakeFiles/modbus.elf.dir/Drivers/STM32F4xx_HAL_Driver/Src/stm32f4xx_hal_pwr.c.obj
LOAD CMakeFiles/modbus.elf.dir/Drivers/STM32F4xx_HAL_Driver/Src/stm32f4xx_hal_pwr_ex.c.obj
LOAD CMakeFiles/modbus.elf.dir/Drivers/STM32F4xx_HAL_Driver/Src/stm32f4xx_hal_rcc.c.obj
LOAD CMakeFiles/modbus.elf.dir/Drivers/STM32F4xx_HAL_Driver/Src/stm32f4xx_hal_rcc_ex.c.obj
LOAD CMakeFiles/modbus.elf.dir/Drivers/STM32F4xx_HAL_Driver/Src/stm32f4xx_hal_tim.c.obj
LOAD CMakeFiles/modbus.elf.dir/Drivers/STM32F4xx_HAL_Driver/Src/stm32f4xx_hal_tim_ex.c.obj
LOAD CMakeFiles/modbus.elf.dir/Drivers/STM32F4xx_HAL_Driver/Src/stm32f4xx_hal_uart.c.obj
LOAD CMakeFiles/modbus.elf.dir/Drivers/STM32F4xx_HAL_Driver/Src/stm32f4xx_ll_adc.c.obj
START GROUP
LOAD /Applications/ArmGNUToolchain/13.3.rel1/arm-none-eabi/bin/../lib/gcc/arm-none-eabi/13.3.1/thumb/v7e-m/nofp/libgcc.a
LOAD /Applications/ArmGNUToolchain/13.3.rel1/arm-none-eabi/bin/../lib/gcc/arm-none-eabi/13.3.1/../../../../arm-none-eabi/lib/thumb/v7e-m/nofp/libg.a
LOAD /Applications/ArmGNUToolchain/13.3.rel1/arm-none-eabi/bin/../lib/gcc/arm-none-eabi/13.3.1/../../../../arm-none-eabi/lib/thumb/v7e-m/nofp/libc.a
END GROUP
LOAD /Applications/ArmGNUToolchain/13.3.rel1/arm-none-eabi/bin/../lib/gcc/arm-none-eabi/13.3.1/thumb/v7e-m/nofp/crtend.o
LOAD /Applications/ArmGNUToolchain/13.3.rel1/arm-none-eabi/bin/../lib/gcc/arm-none-eabi/13.3.1/thumb/v7e-m/nofp/crtn.o
                0x20020000                        _estack = (ORIGIN (RAM) + LENGTH (RAM))
                0x00000200                        _Min_Heap_Size = 0x200
                0x00000400                        _Min_Stack_Size = 0x400

.isr_vector     0x08000000      0x198
                0x08000000                        . = ALIGN (0x4)
 *(.isr_vector)
 .isr_vector    0x08000000      0x198 CMakeFiles/modbus.elf.dir/Core/Startup/startup_stm32f411ceux.s.obj
                0x08000000                g_pfnVectors
                0x08000198                        . = ALIGN (0x4)

.text           0x08000198     0x29f0
                0x08000198                        . = ALIGN (0x4)
 *(.text)
 .text          0x08000198       0x30 /Applications/ArmGNUToolchain/13.3.rel1/arm-none-eabi/bin/../lib/gcc/arm-none-eabi/13.3.1/thumb/v7e-m/nofp/libgcc.a(_aeabi_uldivmod.o)
                0x08000198                __aeabi_uldivmod
 .text          0x080001c8        0x4 /Applications/ArmGNUToolchain/13.3.rel1/arm-none-eabi/bin/../lib/gcc/arm-none-eabi/13.3.1/thumb/v7e-m/nofp/libgcc.a(_dvmd_tls.o)
                0x080001c8                __aeabi_ldiv0
                0x080001c8                __aeabi_idiv0
 *(.text*)
 .text.deregister_tm_clones
                0x080001cc       0x1c /Applications/ArmGNUToolchain/13.3.rel1/arm-none-eabi/bin/../lib/gcc/arm-none-eabi/13.3.1/thumb/v7e-m/nofp/crtbegin.o
 .text.register_tm_clones
                0x080001e8       0x24 /Applications/ArmGNUToolchain/13.3.rel1/arm-none-eabi/bin/../lib/gcc/arm-none-eabi/13.3.1/thumb/v7e-m/nofp/crtbegin.o
 .text.__do_global_dtors_aux
                0x0800020c       0x28 /Applications/ArmGNUToolchain/13.3.rel1/arm-none-eabi/bin/../lib/gcc/arm-none-eabi/13.3.1/thumb/v7e-m/nofp/crtbegin.o
 .text.frame_dummy
                0x08000234       0x24 /Applications/ArmGNUToolchain/13.3.rel1/arm-none-eabi/bin/../lib/gcc/arm-none-eabi/13.3.1/thumb/v7e-m/nofp/crtbegin.o
 .text.MX_ADC1_Init
                0x08000258      0x170 CMakeFiles/modbus.elf.dir/Core/Src/adc.c.obj
                0x08000258                MX_ADC1_Init
 .text.HAL_ADC_MspInit
                0x080003c8       0xd0 CMakeFiles/modbus.elf.dir/Core/Src/adc.c.obj
                0x080003c8                HAL_ADC_MspInit
 .text.modbus_crc16
                0x08000498       0x3a CMakeFiles/modbus.elf.dir/Core/Src/crc.c.obj
                0x08000498                modbus_crc16
 *fill*         0x080004d2        0x2 
 .text.MX_DMA_Init
                0x080004d4       0x34 CMakeFiles/modbus.elf.dir/Core/Src/dma.c.obj
                0x080004d4                MX_DMA_Init
 .text.MX_GPIO_Init
                0x08000508       0x94 CMakeFiles/modbus.elf.dir/Core/Src/gpio.c.obj
                0x08000508                MX_GPIO_Init
 .text.updateGPIO
                0x0800059c       0x74 CMakeFiles/modbus.elf.dir/Core/Src/main.c.obj
                0x0800059c                updateGPIO
 .text.HAL_UART_IDLE_Callback
                0x08000610       0x50 CMakeFiles/modbus.elf.dir/Core/Src/main.c.obj
                0x08000610                HAL_UART_IDLE_Callback
 .text.Error_Handler
                0x08000660        0x4 CMakeFiles/modbus.elf.dir/Core/Src/main.c.obj
                0x08000660                Error_Handler
 .text.SystemClock_Config
                0x08000664       0xa4 CMakeFiles/modbus.elf.dir/Core/Src/main.c.obj
                0x08000664                SystemClock_Config
 .text.main     0x08000708       0x50 CMakeFiles/modbus.elf.dir/Core/Src/main.c.obj
                0x08000708                main
 .text.send_exception_response
                0x08000758       0x3c CMakeFiles/modbus.elf.dir/Core/Src/modbus.c.obj
                0x08000758                send_exception_response
 .text.modbus_process
                0x08000794      0x136 CMakeFiles/modbus.elf.dir/Core/Src/modbus.c.obj
                0x08000794                modbus_process
 *fill*         0x080008ca        0x2 
 .text.HAL_MspInit
                0x080008cc       0x38 CMakeFiles/modbus.elf.dir/Core/Src/stm32f4xx_hal_msp.c.obj
                0x080008cc                HAL_MspInit
 .text.NMI_Handler
                0x08000904        0x2 CMakeFiles/modbus.elf.dir/Core/Src/stm32f4xx_it.c.obj
                0x08000904                NMI_Handler
 .text.HardFault_Handler
                0x08000906        0x2 CMakeFiles/modbus.elf.dir/Core/Src/stm32f4xx_it.c.obj
                0x08000906                HardFault_Handler
 .text.MemManage_Handler
                0x08000908        0x2 CMakeFiles/modbus.elf.dir/Core/Src/stm32f4xx_it.c.obj
                0x08000908                MemManage_Handler
 .text.BusFault_Handler
                0x0800090a        0x2 CMakeFiles/modbus.elf.dir/Core/Src/stm32f4xx_it.c.obj
                0x0800090a                BusFault_Handler
 .text.UsageFault_Handler
                0x0800090c        0x2 CMakeFiles/modbus.elf.dir/Core/Src/stm32f4xx_it.c.obj
                0x0800090c                UsageFault_Handler
 .text.SVC_Handler
                0x0800090e        0x2 CMakeFiles/modbus.elf.dir/Core/Src/stm32f4xx_it.c.obj
                0x0800090e                SVC_Handler
 .text.DebugMon_Handler
                0x08000910        0x2 CMakeFiles/modbus.elf.dir/Core/Src/stm32f4xx_it.c.obj
                0x08000910                DebugMon_Handler
 .text.PendSV_Handler
                0x08000912        0x2 CMakeFiles/modbus.elf.dir/Core/Src/stm32f4xx_it.c.obj
                0x08000912                PendSV_Handler
 .text.SysTick_Handler
                0x08000914        0x8 CMakeFiles/modbus.elf.dir/Core/Src/stm32f4xx_it.c.obj
                0x08000914                SysTick_Handler
 .text.USART1_IRQHandler
                0x0800091c       0x24 CMakeFiles/modbus.elf.dir/Core/Src/stm32f4xx_it.c.obj
                0x0800091c                USART1_IRQHandler
 .text.DMA2_Stream0_IRQHandler
                0x08000940       0x10 CMakeFiles/modbus.elf.dir/Core/Src/stm32f4xx_it.c.obj
                0x08000940                DMA2_Stream0_IRQHandler
 .text.SystemInit
                0x08000950        0x2 CMakeFiles/modbus.elf.dir/Core/Src/system_stm32f4xx.c.obj
                0x08000950                SystemInit
 *fill*         0x08000952        0x2 
 .text.MX_TIM10_Init
                0x08000954       0x30 CMakeFiles/modbus.elf.dir/Core/Src/tim.c.obj
                0x08000954                MX_TIM10_Init
 .text.HAL_TIM_Base_MspInit
                0x08000984       0x30 CMakeFiles/modbus.elf.dir/Core/Src/tim.c.obj
                0x08000984                HAL_TIM_Base_MspInit
 .text.MX_USART1_UART_Init
                0x080009b4       0x34 CMakeFiles/modbus.elf.dir/Core/Src/usart.c.obj
                0x080009b4                MX_USART1_UART_Init
 .text.HAL_UART_MspInit
                0x080009e8       0x80 CMakeFiles/modbus.elf.dir/Core/Src/usart.c.obj
                0x080009e8                HAL_UART_MspInit
 .text.Reset_Handler
                0x08000a68       0x50 CMakeFiles/modbus.elf.dir/Core/Startup/startup_stm32f411ceux.s.obj
                0x08000a68                Reset_Handler
 .text.Default_Handler
                0x08000ab8        0x2 CMakeFiles/modbus.elf.dir/Core/Startup/startup_stm32f411ceux.s.obj
                0x08000ab8                DMA1_Stream3_IRQHandler
                0x08000ab8                EXTI2_IRQHandler
                0x08000ab8                SPI4_IRQHandler
                0x08000ab8                TIM1_CC_IRQHandler
                0x08000ab8                DMA2_Stream5_IRQHandler
                0x08000ab8                DMA1_Stream5_IRQHandler
                0x08000ab8                PVD_IRQHandler
                0x08000ab8                SDIO_IRQHandler
                0x08000ab8                TAMP_STAMP_IRQHandler
                0x08000ab8                EXTI3_IRQHandler
                0x08000ab8                TIM1_UP_TIM10_IRQHandler
                0x08000ab8                I2C3_ER_IRQHandler
                0x08000ab8                EXTI0_IRQHandler
                0x08000ab8                I2C2_EV_IRQHandler
                0x08000ab8                DMA1_Stream2_IRQHandler
                0x08000ab8                FPU_IRQHandler
                0x08000ab8                DMA2_Stream2_IRQHandler
                0x08000ab8                SPI1_IRQHandler
                0x08000ab8                TIM1_BRK_TIM9_IRQHandler
                0x08000ab8                DMA2_Stream3_IRQHandler
                0x08000ab8                USART6_IRQHandler
                0x08000ab8                TIM4_IRQHandler
                0x08000ab8                I2C1_EV_IRQHandler
                0x08000ab8                DMA1_Stream6_IRQHandler
                0x08000ab8                DMA1_Stream1_IRQHandler
                0x08000ab8                TIM3_IRQHandler
                0x08000ab8                RCC_IRQHandler
                0x08000ab8                Default_Handler
                0x08000ab8                EXTI15_10_IRQHandler
                0x08000ab8                ADC_IRQHandler
                0x08000ab8                DMA1_Stream7_IRQHandler
                0x08000ab8                SPI5_IRQHandler
                0x08000ab8                TIM5_IRQHandler
                0x08000ab8                DMA2_Stream7_IRQHandler
                0x08000ab8                I2C3_EV_IRQHandler
                0x08000ab8                EXTI9_5_IRQHandler
                0x08000ab8                RTC_WKUP_IRQHandler
                0x08000ab8                SPI2_IRQHandler
                0x08000ab8                DMA1_Stream0_IRQHandler
                0x08000ab8                EXTI4_IRQHandler
                0x08000ab8                WWDG_IRQHandler
                0x08000ab8                TIM2_IRQHandler
                0x08000ab8                OTG_FS_WKUP_IRQHandler
                0x08000ab8                TIM1_TRG_COM_TIM11_IRQHandler
                0x08000ab8                EXTI1_IRQHandler
                0x08000ab8                USART2_IRQHandler
                0x08000ab8                I2C2_ER_IRQHandler
                0x08000ab8                DMA2_Stream1_IRQHandler
                0x08000ab8                FLASH_IRQHandler
                0x08000ab8                DMA2_Stream4_IRQHandler
                0x08000ab8                OTG_FS_IRQHandler
                0x08000ab8                SPI3_IRQHandler
                0x08000ab8                DMA1_Stream4_IRQHandler
                0x08000ab8                I2C1_ER_IRQHandler
                0x08000ab8                DMA2_Stream6_IRQHandler
                0x08000ab8                RTC_Alarm_IRQHandler
 *fill*         0x08000aba        0x2 
 .text.HAL_InitTick
                0x08000abc       0x4c CMakeFiles/modbus.elf.dir/Drivers/STM32F4xx_HAL_Driver/Src/stm32f4xx_hal.c.obj
                0x08000abc                HAL_InitTick
 .text.HAL_Init
                0x08000b08       0x34 CMakeFiles/modbus.elf.dir/Drivers/STM32F4xx_HAL_Driver/Src/stm32f4xx_hal.c.obj
                0x08000b08                HAL_Init
 .text.HAL_IncTick
                0x08000b3c       0x18 CMakeFiles/modbus.elf.dir/Drivers/STM32F4xx_HAL_Driver/Src/stm32f4xx_hal.c.obj
                0x08000b3c                HAL_IncTick
 .text.HAL_GetTick
                0x08000b54        0xc CMakeFiles/modbus.elf.dir/Drivers/STM32F4xx_HAL_Driver/Src/stm32f4xx_hal.c.obj
                0x08000b54                HAL_GetTick
 .text.ADC_Init
                0x08000b60      0x134 CMakeFiles/modbus.elf.dir/Drivers/STM32F4xx_HAL_Driver/Src/stm32f4xx_hal_adc.c.obj
 .text.HAL_ADC_Init
                0x08000c94       0x56 CMakeFiles/modbus.elf.dir/Drivers/STM32F4xx_HAL_Driver/Src/stm32f4xx_hal_adc.c.obj
                0x08000c94                HAL_ADC_Init
 *fill*         0x08000cea        0x2 
 .text.HAL_ADC_Start_DMA
                0x08000cec      0x164 CMakeFiles/modbus.elf.dir/Drivers/STM32F4xx_HAL_Driver/Src/stm32f4xx_hal_adc.c.obj
                0x08000cec                HAL_ADC_Start_DMA
 .text.HAL_ADC_ConvCpltCallback
                0x08000e50        0x2 CMakeFiles/modbus.elf.dir/Drivers/STM32F4xx_HAL_Driver/Src/stm32f4xx_hal_adc.c.obj
                0x08000e50                HAL_ADC_ConvCpltCallback
 .text.HAL_ADC_ConvHalfCpltCallback
                0x08000e52        0x2 CMakeFiles/modbus.elf.dir/Drivers/STM32F4xx_HAL_Driver/Src/stm32f4xx_hal_adc.c.obj
                0x08000e52                HAL_ADC_ConvHalfCpltCallback
 .text.ADC_DMAHalfConvCplt
                0x08000e54        0xa CMakeFiles/modbus.elf.dir/Drivers/STM32F4xx_HAL_Driver/Src/stm32f4xx_hal_adc.c.obj
 .text.HAL_ADC_ErrorCallback
                0x08000e5e        0x2 CMakeFiles/modbus.elf.dir/Drivers/STM32F4xx_HAL_Driver/Src/stm32f4xx_hal_adc.c.obj
                0x08000e5e                HAL_ADC_ErrorCallback
 .text.ADC_DMAError
                0x08000e60       0x16 CMakeFiles/modbus.elf.dir/Drivers/STM32F4xx_HAL_Driver/Src/stm32f4xx_hal_adc.c.obj
 .text.ADC_DMAConvCplt
                0x08000e76       0x72 CMakeFiles/modbus.elf.dir/Drivers/STM32F4xx_HAL_Driver/Src/stm32f4xx_hal_adc.c.obj
 .text.HAL_ADC_ConfigChannel
                0x08000ee8      0x1ac CMakeFiles/modbus.elf.dir/Drivers/STM32F4xx_HAL_Driver/Src/stm32f4xx_hal_adc.c.obj
                0x08000ee8                HAL_ADC_ConfigChannel
 .text.__NVIC_EnableIRQ
                0x08001094       0x1c CMakeFiles/modbus.elf.dir/Drivers/STM32F4xx_HAL_Driver/Src/stm32f4xx_hal_cortex.c.obj
 .text.__NVIC_SetPriority
                0x080010b0       0x28 CMakeFiles/modbus.elf.dir/Drivers/STM32F4xx_HAL_Driver/Src/stm32f4xx_hal_cortex.c.obj
 .text.NVIC_EncodePriority
                0x080010d8       0x3e CMakeFiles/modbus.elf.dir/Drivers/STM32F4xx_HAL_Driver/Src/stm32f4xx_hal_cortex.c.obj
 *fill*         0x08001116        0x2 
 .text.HAL_NVIC_SetPriorityGrouping
                0x08001118       0x24 CMakeFiles/modbus.elf.dir/Drivers/STM32F4xx_HAL_Driver/Src/stm32f4xx_hal_cortex.c.obj
                0x08001118                HAL_NVIC_SetPriorityGrouping
 .text.HAL_NVIC_SetPriority
                0x0800113c       0x20 CMakeFiles/modbus.elf.dir/Drivers/STM32F4xx_HAL_Driver/Src/stm32f4xx_hal_cortex.c.obj
                0x0800113c                HAL_NVIC_SetPriority
 .text.HAL_NVIC_EnableIRQ
                0x0800115c        0x8 CMakeFiles/modbus.elf.dir/Drivers/STM32F4xx_HAL_Driver/Src/stm32f4xx_hal_cortex.c.obj
                0x0800115c                HAL_NVIC_EnableIRQ
 .text.HAL_SYSTICK_Config
                0x08001164       0x28 CMakeFiles/modbus.elf.dir/Drivers/STM32F4xx_HAL_Driver/Src/stm32f4xx_hal_cortex.c.obj
                0x08001164                HAL_SYSTICK_Config
 .text.DMA_SetConfig
                0x0800118c       0x2c CMakeFiles/modbus.elf.dir/Drivers/STM32F4xx_HAL_Driver/Src/stm32f4xx_hal_dma.c.obj
 .text.DMA_CalcBaseAndBitshift
                0x080011b8       0x38 CMakeFiles/modbus.elf.dir/Drivers/STM32F4xx_HAL_Driver/Src/stm32f4xx_hal_dma.c.obj
 .text.DMA_CheckFifoParam
                0x080011f0       0x8e CMakeFiles/modbus.elf.dir/Drivers/STM32F4xx_HAL_Driver/Src/stm32f4xx_hal_dma.c.obj
 *fill*         0x0800127e        0x2 
 .text.HAL_DMA_Init
                0x08001280       0xcc CMakeFiles/modbus.elf.dir/Drivers/STM32F4xx_HAL_Driver/Src/stm32f4xx_hal_dma.c.obj
                0x08001280                HAL_DMA_Init
 .text.HAL_DMA_Start_IT
                0x0800134c       0x6a CMakeFiles/modbus.elf.dir/Drivers/STM32F4xx_HAL_Driver/Src/stm32f4xx_hal_dma.c.obj
                0x0800134c                HAL_DMA_Start_IT
 .text.HAL_DMA_Abort
                0x080013b6       0x94 CMakeFiles/modbus.elf.dir/Drivers/STM32F4xx_HAL_Driver/Src/stm32f4xx_hal_dma.c.obj
                0x080013b6                HAL_DMA_Abort
 .text.HAL_DMA_Abort_IT
                0x0800144a       0x26 CMakeFiles/modbus.elf.dir/Drivers/STM32F4xx_HAL_Driver/Src/stm32f4xx_hal_dma.c.obj
                0x0800144a                HAL_DMA_Abort_IT
 .text.HAL_DMA_IRQHandler
                0x08001470      0x1dc CMakeFiles/modbus.elf.dir/Drivers/STM32F4xx_HAL_Driver/Src/stm32f4xx_hal_dma.c.obj
                0x08001470                HAL_DMA_IRQHandler
 .text.HAL_GPIO_Init
                0x0800164c      0x1d0 CMakeFiles/modbus.elf.dir/Drivers/STM32F4xx_HAL_Driver/Src/stm32f4xx_hal_gpio.c.obj
                0x0800164c                HAL_GPIO_Init
 .text.HAL_GPIO_WritePin
                0x0800181c        0xc CMakeFiles/modbus.elf.dir/Drivers/STM32F4xx_HAL_Driver/Src/stm32f4xx_hal_gpio.c.obj
                0x0800181c                HAL_GPIO_WritePin
 .text.HAL_RCC_OscConfig
                0x08001828      0x3f8 CMakeFiles/modbus.elf.dir/Drivers/STM32F4xx_HAL_Driver/Src/stm32f4xx_hal_rcc.c.obj
                0x08001828                HAL_RCC_OscConfig
 .text.HAL_RCC_GetSysClockFreq
                0x08001c20       0xa8 CMakeFiles/modbus.elf.dir/Drivers/STM32F4xx_HAL_Driver/Src/stm32f4xx_hal_rcc.c.obj
                0x08001c20                HAL_RCC_GetSysClockFreq
 .text.HAL_RCC_ClockConfig
                0x08001cc8      0x160 CMakeFiles/modbus.elf.dir/Drivers/STM32F4xx_HAL_Driver/Src/stm32f4xx_hal_rcc.c.obj
                0x08001cc8                HAL_RCC_ClockConfig
 .text.HAL_RCC_GetHCLKFreq
                0x08001e28        0xc CMakeFiles/modbus.elf.dir/Drivers/STM32F4xx_HAL_Driver/Src/stm32f4xx_hal_rcc.c.obj
                0x08001e28                HAL_RCC_GetHCLKFreq
 .text.HAL_RCC_GetPCLK1Freq
                0x08001e34       0x20 CMakeFiles/modbus.elf.dir/Drivers/STM32F4xx_HAL_Driver/Src/stm32f4xx_hal_rcc.c.obj
                0x08001e34                HAL_RCC_GetPCLK1Freq
 .text.HAL_RCC_GetPCLK2Freq
                0x08001e54       0x20 CMakeFiles/modbus.elf.dir/Drivers/STM32F4xx_HAL_Driver/Src/stm32f4xx_hal_rcc.c.obj
                0x08001e54                HAL_RCC_GetPCLK2Freq
 .text.TIM_Base_SetConfig
                0x08001e74       0xac CMakeFiles/modbus.elf.dir/Drivers/STM32F4xx_HAL_Driver/Src/stm32f4xx_hal_tim.c.obj
                0x08001e74                TIM_Base_SetConfig
 .text.HAL_TIM_Base_Init
                0x08001f20       0x58 CMakeFiles/modbus.elf.dir/Drivers/STM32F4xx_HAL_Driver/Src/stm32f4xx_hal_tim.c.obj
                0x08001f20                HAL_TIM_Base_Init
 .text.UART_EndRxTransfer
                0x08001f78       0x5c CMakeFiles/modbus.elf.dir/Drivers/STM32F4xx_HAL_Driver/Src/stm32f4xx_hal_uart.c.obj
 .text.UART_Transmit_IT
                0x08001fd4       0x60 CMakeFiles/modbus.elf.dir/Drivers/STM32F4xx_HAL_Driver/Src/stm32f4xx_hal_uart.c.obj
 .text.UART_SetConfig
                0x08002034      0x110 CMakeFiles/modbus.elf.dir/Drivers/STM32F4xx_HAL_Driver/Src/stm32f4xx_hal_uart.c.obj
 .text.UART_WaitOnFlagUntilTimeout
                0x08002144       0x86 CMakeFiles/modbus.elf.dir/Drivers/STM32F4xx_HAL_Driver/Src/stm32f4xx_hal_uart.c.obj
 .text.HAL_UART_Init
                0x080021ca       0x60 CMakeFiles/modbus.elf.dir/Drivers/STM32F4xx_HAL_Driver/Src/stm32f4xx_hal_uart.c.obj
                0x080021ca                HAL_UART_Init
 .text.HAL_UART_Transmit
                0x0800222a       0xcc CMakeFiles/modbus.elf.dir/Drivers/STM32F4xx_HAL_Driver/Src/stm32f4xx_hal_uart.c.obj
                0x0800222a                HAL_UART_Transmit
 .text.HAL_UART_TxCpltCallback
                0x080022f6        0x2 CMakeFiles/modbus.elf.dir/Drivers/STM32F4xx_HAL_Driver/Src/stm32f4xx_hal_uart.c.obj
                0x080022f6                HAL_UART_TxCpltCallback
 .text.UART_EndTransmit_IT
                0x080022f8       0x1a CMakeFiles/modbus.elf.dir/Drivers/STM32F4xx_HAL_Driver/Src/stm32f4xx_hal_uart.c.obj
 .text.HAL_UART_RxCpltCallback
                0x08002312        0x2 CMakeFiles/modbus.elf.dir/Drivers/STM32F4xx_HAL_Driver/Src/stm32f4xx_hal_uart.c.obj
                0x08002312                HAL_UART_RxCpltCallback
 .text.HAL_UART_ErrorCallback
                0x08002314        0x2 CMakeFiles/modbus.elf.dir/Drivers/STM32F4xx_HAL_Driver/Src/stm32f4xx_hal_uart.c.obj
                0x08002314                HAL_UART_ErrorCallback
 .text.UART_DMAAbortOnError
                0x08002316       0x10 CMakeFiles/modbus.elf.dir/Drivers/STM32F4xx_HAL_Driver/Src/stm32f4xx_hal_uart.c.obj
 .text.HAL_UARTEx_RxEventCallback
                0x08002326        0x2 CMakeFiles/modbus.elf.dir/Drivers/STM32F4xx_HAL_Driver/Src/stm32f4xx_hal_uart.c.obj
                0x08002326                HAL_UARTEx_RxEventCallback
 .text.UART_Receive_IT
                0x08002328       0xe6 CMakeFiles/modbus.elf.dir/Drivers/STM32F4xx_HAL_Driver/Src/stm32f4xx_hal_uart.c.obj
 *fill*         0x0800240e        0x2 
 .text.HAL_UART_IRQHandler
                0x08002410      0x284 CMakeFiles/modbus.elf.dir/Drivers/STM32F4xx_HAL_Driver/Src/stm32f4xx_hal_uart.c.obj
                0x08002410                HAL_UART_IRQHandler
 .text.UART_Start_Receive_IT
                0x08002694       0x36 CMakeFiles/modbus.elf.dir/Drivers/STM32F4xx_HAL_Driver/Src/stm32f4xx_hal_uart.c.obj
                0x08002694                UART_Start_Receive_IT
 .text.HAL_UART_Receive_IT
                0x080026ca       0x26 CMakeFiles/modbus.elf.dir/Drivers/STM32F4xx_HAL_Driver/Src/stm32f4xx_hal_uart.c.obj
                0x080026ca                HAL_UART_Receive_IT
 .text.__udivmoddi4
                0x080026f0      0x2bc /Applications/ArmGNUToolchain/13.3.rel1/arm-none-eabi/bin/../lib/gcc/arm-none-eabi/13.3.1/thumb/v7e-m/nofp/libgcc.a(_udivmoddi4.o)
                0x080026f0                __udivmoddi4
 .text.memset   0x080029ac       0xa4 /Applications/ArmGNUToolchain/13.3.rel1/arm-none-eabi/bin/../lib/gcc/arm-none-eabi/13.3.1/../../../../arm-none-eabi/lib/thumb/v7e-m/nofp/libg.a(libc_a-memset.o)
                0x080029ac                memset
 .text.__libc_init_array
                0x08002a50       0x50 /Applications/ArmGNUToolchain/13.3.rel1/arm-none-eabi/bin/../lib/gcc/arm-none-eabi/13.3.1/../../../../arm-none-eabi/lib/thumb/v7e-m/nofp/libg.a(libc_a-init.o)
                0x08002a50                __libc_init_array
 .text.__retarget_lock_acquire_recursive
                0x08002aa0        0x4 /Applications/ArmGNUToolchain/13.3.rel1/arm-none-eabi/bin/../lib/gcc/arm-none-eabi/13.3.1/../../../../arm-none-eabi/lib/thumb/v7e-m/nofp/libg.a(libc_a-lock.o)
                0x08002aa0                __retarget_lock_acquire_recursive
 .text.__retarget_lock_release_recursive
                0x08002aa4        0x4 /Applications/ArmGNUToolchain/13.3.rel1/arm-none-eabi/bin/../lib/gcc/arm-none-eabi/13.3.1/../../../../arm-none-eabi/lib/thumb/v7e-m/nofp/libg.a(libc_a-lock.o)
                0x08002aa4                __retarget_lock_release_recursive
 .text.startup.register_fini
                0x08002aa8       0x14 /Applications/ArmGNUToolchain/13.3.rel1/arm-none-eabi/bin/../lib/gcc/arm-none-eabi/13.3.1/../../../../arm-none-eabi/lib/thumb/v7e-m/nofp/libg.a(libc_a-__call_atexit.o)
 .text.atexit   0x08002abc        0xc /Applications/ArmGNUToolchain/13.3.rel1/arm-none-eabi/bin/../lib/gcc/arm-none-eabi/13.3.1/../../../../arm-none-eabi/lib/thumb/v7e-m/nofp/libg.a(libc_a-atexit.o)
                0x08002abc                atexit
 .text.__libc_fini_array
                0x08002ac8       0x28 /Applications/ArmGNUToolchain/13.3.rel1/arm-none-eabi/bin/../lib/gcc/arm-none-eabi/13.3.1/../../../../arm-none-eabi/lib/thumb/v7e-m/nofp/libg.a(libc_a-fini.o)
                0x08002ac8                __libc_fini_array
 .text.__register_exitproc
                0x08002af0       0x80 /Applications/ArmGNUToolchain/13.3.rel1/arm-none-eabi/bin/../lib/gcc/arm-none-eabi/13.3.1/../../../../arm-none-eabi/lib/thumb/v7e-m/nofp/libg.a(libc_a-__atexit.o)
                0x08002af0                __register_exitproc
 *(.glue_7)
 .glue_7        0x08002b70        0x0 linker stubs
 *(.glue_7t)
 .glue_7t       0x08002b70        0x0 linker stubs
 *(.eh_frame)
 .eh_frame      0x08002b70        0x0 /Applications/ArmGNUToolchain/13.3.rel1/arm-none-eabi/bin/../lib/gcc/arm-none-eabi/13.3.1/thumb/v7e-m/nofp/crtbegin.o
 *(.init)
 .init          0x08002b70        0x4 /Applications/ArmGNUToolchain/13.3.rel1/arm-none-eabi/bin/../lib/gcc/arm-none-eabi/13.3.1/thumb/v7e-m/nofp/crti.o
                0x08002b70                _init
 .init          0x08002b74        0x8 /Applications/ArmGNUToolchain/13.3.rel1/arm-none-eabi/bin/../lib/gcc/arm-none-eabi/13.3.1/thumb/v7e-m/nofp/crtn.o
 *(.fini)
 .fini          0x08002b7c        0x4 /Applications/ArmGNUToolchain/13.3.rel1/arm-none-eabi/bin/../lib/gcc/arm-none-eabi/13.3.1/thumb/v7e-m/nofp/crti.o
                0x08002b7c                _fini
 .fini          0x08002b80        0x8 /Applications/ArmGNUToolchain/13.3.rel1/arm-none-eabi/bin/../lib/gcc/arm-none-eabi/13.3.1/thumb/v7e-m/nofp/crtn.o
                0x08002b88                        . = ALIGN (0x4)
                0x08002b88                        _etext = .

.vfp11_veneer   0x08002b88        0x0
 .vfp11_veneer  0x08002b88        0x0 linker stubs

.v4_bx          0x08002b88        0x0
 .v4_bx         0x08002b88        0x0 linker stubs

.iplt           0x08002b88        0x0
 .iplt          0x08002b88        0x0 /Applications/ArmGNUToolchain/13.3.rel1/arm-none-eabi/bin/../lib/gcc/arm-none-eabi/13.3.1/thumb/v7e-m/nofp/crtbegin.o

.rodata         0x08002b88       0x20
                0x08002b88                        . = ALIGN (0x4)
 *(.rodata)
 *(.rodata*)
 .rodata.APBPrescTable
                0x08002b88        0x8 CMakeFiles/modbus.elf.dir/Core/Src/system_stm32f4xx.c.obj
                0x08002b88                APBPrescTable
 .rodata.AHBPrescTable
                0x08002b90       0x10 CMakeFiles/modbus.elf.dir/Core/Src/system_stm32f4xx.c.obj
                0x08002b90                AHBPrescTable
 .rodata.flagBitshiftOffset.0
                0x08002ba0        0x8 CMakeFiles/modbus.elf.dir/Drivers/STM32F4xx_HAL_Driver/Src/stm32f4xx_hal_dma.c.obj
                0x08002ba8                        . = ALIGN (0x4)

.ARM.extab      0x08002ba8        0x0
                0x08002ba8                        . = ALIGN (0x4)
 *(.ARM.extab* .gnu.linkonce.armextab.*)
                0x08002ba8                        . = ALIGN (0x4)

.ARM            0x08002ba8        0x8
                0x08002ba8                        . = ALIGN (0x4)
                0x08002ba8                        __exidx_start = .
 *(.ARM.exidx*)
 .ARM.exidx.text.__udivmoddi4
                0x08002ba8        0x8 /Applications/ArmGNUToolchain/13.3.rel1/arm-none-eabi/bin/../lib/gcc/arm-none-eabi/13.3.1/thumb/v7e-m/nofp/libgcc.a(_udivmoddi4.o)
                0x08002bb0                        __exidx_end = .
                0x08002bb0                        . = ALIGN (0x4)

.preinit_array  0x08002bb0        0x0
                0x08002bb0                        . = ALIGN (0x4)
                0x08002bb0                        PROVIDE (__preinit_array_start = .)
 *(.preinit_array*)
                0x08002bb0                        PROVIDE (__preinit_array_end = .)
                0x08002bb0                        . = ALIGN (0x4)

.init_array     0x08002bb0        0x8
                0x08002bb0                        . = ALIGN (0x4)
                0x08002bb0                        PROVIDE (__init_array_start = .)
 *(SORT_BY_NAME(.init_array.*))
 .init_array.00000
                0x08002bb0        0x4 /Applications/ArmGNUToolchain/13.3.rel1/arm-none-eabi/bin/../lib/gcc/arm-none-eabi/13.3.1/../../../../arm-none-eabi/lib/thumb/v7e-m/nofp/libg.a(libc_a-__call_atexit.o)
 *(.init_array*)
 .init_array    0x08002bb4        0x4 /Applications/ArmGNUToolchain/13.3.rel1/arm-none-eabi/bin/../lib/gcc/arm-none-eabi/13.3.1/thumb/v7e-m/nofp/crtbegin.o
                0x08002bb8                        PROVIDE (__init_array_end = .)
                0x08002bb8                        . = ALIGN (0x4)

.fini_array     0x08002bb8        0x4
                0x08002bb8                        . = ALIGN (0x4)
                0x08002bb8                        PROVIDE (__fini_array_start = .)
 *(SORT_BY_NAME(.fini_array.*))
 *(.fini_array*)
 .fini_array    0x08002bb8        0x4 /Applications/ArmGNUToolchain/13.3.rel1/arm-none-eabi/bin/../lib/gcc/arm-none-eabi/13.3.1/thumb/v7e-m/nofp/crtbegin.o
                0x08002bbc                        PROVIDE (__fini_array_end = .)
                0x08002bbc                        . = ALIGN (0x4)
                0x08002bbc                        _sidata = LOADADDR (.data)

.rel.dyn        0x08002bbc        0x0
 .rel.iplt      0x08002bbc        0x0 /Applications/ArmGNUToolchain/13.3.rel1/arm-none-eabi/bin/../lib/gcc/arm-none-eabi/13.3.1/thumb/v7e-m/nofp/crtbegin.o

.data           0x20000000       0x10 load address 0x08002bbc
                0x20000000                        . = ALIGN (0x4)
                0x20000000                        _sdata = .
 *(.data)
 *(.data*)
 .data.SystemCoreClock
                0x20000000        0x4 CMakeFiles/modbus.elf.dir/Core/Src/system_stm32f4xx.c.obj
                0x20000000                SystemCoreClock
 .data.uwTickFreq
                0x20000004        0x1 CMakeFiles/modbus.elf.dir/Drivers/STM32F4xx_HAL_Driver/Src/stm32f4xx_hal.c.obj
                0x20000004                uwTickFreq
 *fill*         0x20000005        0x3 
 .data.uwTickPrio
                0x20000008        0x4 CMakeFiles/modbus.elf.dir/Drivers/STM32F4xx_HAL_Driver/Src/stm32f4xx_hal.c.obj
                0x20000008                uwTickPrio
 .data.__atexit_recursive_mutex
                0x2000000c        0x4 /Applications/ArmGNUToolchain/13.3.rel1/arm-none-eabi/bin/../lib/gcc/arm-none-eabi/13.3.1/../../../../arm-none-eabi/lib/thumb/v7e-m/nofp/libg.a(libc_a-__call_atexit.o)
                0x2000000c                __atexit_recursive_mutex
 *(.RamFunc)
 *(.RamFunc*)
                0x20000010                        . = ALIGN (0x4)
                0x20000010                        _edata = .

.tm_clone_table
                0x20000010        0x0 load address 0x08002bcc
 .tm_clone_table
                0x20000010        0x0 /Applications/ArmGNUToolchain/13.3.rel1/arm-none-eabi/bin/../lib/gcc/arm-none-eabi/13.3.1/thumb/v7e-m/nofp/crtbegin.o
 .tm_clone_table
                0x20000010        0x0 /Applications/ArmGNUToolchain/13.3.rel1/arm-none-eabi/bin/../lib/gcc/arm-none-eabi/13.3.1/thumb/v7e-m/nofp/crtend.o

.igot.plt       0x20000010        0x0 load address 0x08002bcc
 .igot.plt      0x20000010        0x0 /Applications/ArmGNUToolchain/13.3.rel1/arm-none-eabi/bin/../lib/gcc/arm-none-eabi/13.3.1/thumb/v7e-m/nofp/crtbegin.o
                0x20000010                        . = ALIGN (0x4)

.bss            0x20000010      0x314 load address 0x08002bcc
                0x20000010                        _sbss = .
                0x20000010                        __bss_start__ = _sbss
 *(.bss)
 *(.bss*)
 .bss.completed.1
                0x20000010        0x1 /Applications/ArmGNUToolchain/13.3.rel1/arm-none-eabi/bin/../lib/gcc/arm-none-eabi/13.3.1/thumb/v7e-m/nofp/crtbegin.o
 *fill*         0x20000011        0x3 
 .bss.object.0  0x20000014       0x18 /Applications/ArmGNUToolchain/13.3.rel1/arm-none-eabi/bin/../lib/gcc/arm-none-eabi/13.3.1/thumb/v7e-m/nofp/crtbegin.o
 .bss.hdma_adc1
                0x2000002c       0x60 CMakeFiles/modbus.elf.dir/Core/Src/adc.c.obj
                0x2000002c                hdma_adc1
 .bss.hadc1     0x2000008c       0x48 CMakeFiles/modbus.elf.dir/Core/Src/adc.c.obj
                0x2000008c                hadc1
 .bss.coils     0x200000d4        0x3 CMakeFiles/modbus.elf.dir/Core/Src/main.c.obj
                0x200000d4                coils
 *fill*         0x200000d7        0x1 
 .bss.modbusRxBuffer
                0x200000d8        0x8 CMakeFiles/modbus.elf.dir/Core/Src/main.c.obj
                0x200000d8                modbusRxBuffer
 .bss.inputregister
                0x200000e0       0x16 CMakeFiles/modbus.elf.dir/Core/Src/main.c.obj
                0x200000e0                inputregister
 *fill*         0x200000f6        0x2 
 .bss.htim10    0x200000f8       0x48 CMakeFiles/modbus.elf.dir/Core/Src/tim.c.obj
                0x200000f8                htim10
 .bss.huart1    0x20000140       0x48 CMakeFiles/modbus.elf.dir/Core/Src/usart.c.obj
                0x20000140                huart1
 .bss.uwTick    0x20000188        0x4 CMakeFiles/modbus.elf.dir/Drivers/STM32F4xx_HAL_Driver/Src/stm32f4xx_hal.c.obj
                0x20000188                uwTick
 .bss.__lock___atexit_recursive_mutex
                0x2000018c        0x1 /Applications/ArmGNUToolchain/13.3.rel1/arm-none-eabi/bin/../lib/gcc/arm-none-eabi/13.3.1/../../../../arm-none-eabi/lib/thumb/v7e-m/nofp/libg.a(libc_a-lock.o)
                0x2000018c                __lock___atexit_recursive_mutex
 *fill*         0x2000018d        0x3 
 .bss.__atexit  0x20000190        0x4 /Applications/ArmGNUToolchain/13.3.rel1/arm-none-eabi/bin/../lib/gcc/arm-none-eabi/13.3.1/../../../../arm-none-eabi/lib/thumb/v7e-m/nofp/libg.a(libc_a-__call_atexit.o)
                0x20000190                __atexit
 .bss.__atexit0
                0x20000194      0x190 /Applications/ArmGNUToolchain/13.3.rel1/arm-none-eabi/bin/../lib/gcc/arm-none-eabi/13.3.1/../../../../arm-none-eabi/lib/thumb/v7e-m/nofp/libg.a(libc_a-__atexit.o)
                0x20000194                __atexit0
 *(COMMON)
                0x20000324                        . = ALIGN (0x4)
                0x20000324                        _ebss = .
                0x20000324                        __bss_end__ = _ebss

._user_heap_stack
                0x20000324      0x604 load address 0x08002bcc
                0x20000328                        . = ALIGN (0x8)
 *fill*         0x20000324        0x4 
                [!provide]                        PROVIDE (end = .)
                0x20000328                        PROVIDE (_end = .)
                0x20000528                        . = (. + _Min_Heap_Size)
 *fill*         0x20000328      0x200 
                0x20000928                        . = (. + _Min_Stack_Size)
 *fill*         0x20000528      0x400 
                0x20000928                        . = ALIGN (0x8)

/DISCARD/
 libc.a(*)
 libm.a(*)
 libgcc.a(*)

.ARM.attributes
                0x00000000       0x2a
 *(.ARM.attributes)
 .ARM.attributes
                0x00000000       0x1e /Applications/ArmGNUToolchain/13.3.rel1/arm-none-eabi/bin/../lib/gcc/arm-none-eabi/13.3.1/thumb/v7e-m/nofp/crti.o
 .ARM.attributes
                0x0000001e       0x2e /Applications/ArmGNUToolchain/13.3.rel1/arm-none-eabi/bin/../lib/gcc/arm-none-eabi/13.3.1/thumb/v7e-m/nofp/crtbegin.o
 .ARM.attributes
                0x0000004c       0x2e CMakeFiles/modbus.elf.dir/Core/Src/adc.c.obj
 .ARM.attributes
                0x0000007a       0x2e CMakeFiles/modbus.elf.dir/Core/Src/crc.c.obj
 .ARM.attributes
                0x000000a8       0x2e CMakeFiles/modbus.elf.dir/Core/Src/dma.c.obj
 .ARM.attributes
                0x000000d6       0x2e CMakeFiles/modbus.elf.dir/Core/Src/gpio.c.obj
 .ARM.attributes
                0x00000104       0x2e CMakeFiles/modbus.elf.dir/Core/Src/main.c.obj
 .ARM.attributes
                0x00000132       0x2e CMakeFiles/modbus.elf.dir/Core/Src/modbus.c.obj
 .ARM.attributes
                0x00000160       0x2e CMakeFiles/modbus.elf.dir/Core/Src/stm32f4xx_hal_msp.c.obj
 .ARM.attributes
                0x0000018e       0x2e CMakeFiles/modbus.elf.dir/Core/Src/stm32f4xx_it.c.obj
 .ARM.attributes
                0x000001bc       0x2e CMakeFiles/modbus.elf.dir/Core/Src/system_stm32f4xx.c.obj
 .ARM.attributes
                0x000001ea       0x2e CMakeFiles/modbus.elf.dir/Core/Src/tim.c.obj
 .ARM.attributes
                0x00000218       0x2e CMakeFiles/modbus.elf.dir/Core/Src/usart.c.obj
 .ARM.attributes
                0x00000246       0x21 CMakeFiles/modbus.elf.dir/Core/Startup/startup_stm32f411ceux.s.obj
 .ARM.attributes
                0x00000267       0x2e CMakeFiles/modbus.elf.dir/Drivers/STM32F4xx_HAL_Driver/Src/stm32f4xx_hal.c.obj
 .ARM.attributes
                0x00000295       0x2e CMakeFiles/modbus.elf.dir/Drivers/STM32F4xx_HAL_Driver/Src/stm32f4xx_hal_adc.c.obj
 .ARM.attributes
                0x000002c3       0x2e CMakeFiles/modbus.elf.dir/Drivers/STM32F4xx_HAL_Driver/Src/stm32f4xx_hal_cortex.c.obj
 .ARM.attributes
                0x000002f1       0x2e CMakeFiles/modbus.elf.dir/Drivers/STM32F4xx_HAL_Driver/Src/stm32f4xx_hal_dma.c.obj
 .ARM.attributes
                0x0000031f       0x2e CMakeFiles/modbus.elf.dir/Drivers/STM32F4xx_HAL_Driver/Src/stm32f4xx_hal_gpio.c.obj
 .ARM.attributes
                0x0000034d       0x2e CMakeFiles/modbus.elf.dir/Drivers/STM32F4xx_HAL_Driver/Src/stm32f4xx_hal_rcc.c.obj
 .ARM.attributes
                0x0000037b       0x2e CMakeFiles/modbus.elf.dir/Drivers/STM32F4xx_HAL_Driver/Src/stm32f4xx_hal_tim.c.obj
 .ARM.attributes
                0x000003a9       0x2e CMakeFiles/modbus.elf.dir/Drivers/STM32F4xx_HAL_Driver/Src/stm32f4xx_hal_uart.c.obj
 .ARM.attributes
                0x000003d7       0x1e /Applications/ArmGNUToolchain/13.3.rel1/arm-none-eabi/bin/../lib/gcc/arm-none-eabi/13.3.1/thumb/v7e-m/nofp/libgcc.a(_aeabi_uldivmod.o)
 .ARM.attributes
                0x000003f5       0x2e /Applications/ArmGNUToolchain/13.3.rel1/arm-none-eabi/bin/../lib/gcc/arm-none-eabi/13.3.1/thumb/v7e-m/nofp/libgcc.a(_udivmoddi4.o)
 .ARM.attributes
                0x00000423       0x1e /Applications/ArmGNUToolchain/13.3.rel1/arm-none-eabi/bin/../lib/gcc/arm-none-eabi/13.3.1/thumb/v7e-m/nofp/libgcc.a(_dvmd_tls.o)
 .ARM.attributes
                0x00000441       0x2e /Applications/ArmGNUToolchain/13.3.rel1/arm-none-eabi/bin/../lib/gcc/arm-none-eabi/13.3.1/../../../../arm-none-eabi/lib/thumb/v7e-m/nofp/libg.a(libc_a-memset.o)
 .ARM.attributes
                0x0000046f       0x2e /Applications/ArmGNUToolchain/13.3.rel1/arm-none-eabi/bin/../lib/gcc/arm-none-eabi/13.3.1/../../../../arm-none-eabi/lib/thumb/v7e-m/nofp/libg.a(libc_a-init.o)
 .ARM.attributes
                0x0000049d       0x2e /Applications/ArmGNUToolchain/13.3.rel1/arm-none-eabi/bin/../lib/gcc/arm-none-eabi/13.3.1/../../../../arm-none-eabi/lib/thumb/v7e-m/nofp/libg.a(libc_a-lock.o)
 .ARM.attributes
                0x000004cb       0x2e /Applications/ArmGNUToolchain/13.3.rel1/arm-none-eabi/bin/../lib/gcc/arm-none-eabi/13.3.1/../../../../arm-none-eabi/lib/thumb/v7e-m/nofp/libg.a(libc_a-__call_atexit.o)
 .ARM.attributes
                0x000004f9       0x2e /Applications/ArmGNUToolchain/13.3.rel1/arm-none-eabi/bin/../lib/gcc/arm-none-eabi/13.3.1/../../../../arm-none-eabi/lib/thumb/v7e-m/nofp/libg.a(libc_a-atexit.o)
 .ARM.attributes
                0x00000527       0x2e /Applications/ArmGNUToolchain/13.3.rel1/arm-none-eabi/bin/../lib/gcc/arm-none-eabi/13.3.1/../../../../arm-none-eabi/lib/thumb/v7e-m/nofp/libg.a(libc_a-fini.o)
 .ARM.attributes
                0x00000555       0x2e /Applications/ArmGNUToolchain/13.3.rel1/arm-none-eabi/bin/../lib/gcc/arm-none-eabi/13.3.1/../../../../arm-none-eabi/lib/thumb/v7e-m/nofp/libg.a(libc_a-__atexit.o)
 .ARM.attributes
                0x00000583       0x2e /Applications/ArmGNUToolchain/13.3.rel1/arm-none-eabi/bin/../lib/gcc/arm-none-eabi/13.3.1/thumb/v7e-m/nofp/crtend.o
 .ARM.attributes
                0x000005b1       0x1e /Applications/ArmGNUToolchain/13.3.rel1/arm-none-eabi/bin/../lib/gcc/arm-none-eabi/13.3.1/thumb/v7e-m/nofp/crtn.o
OUTPUT(modbus.elf elf32-littlearm)
LOAD linker stubs
LOAD /Applications/ArmGNUToolchain/13.3.rel1/arm-none-eabi/bin/../lib/gcc/arm-none-eabi/13.3.1/../../../../arm-none-eabi/lib/thumb/v7e-m/nofp/libc.a
LOAD /Applications/ArmGNUToolchain/13.3.rel1/arm-none-eabi/bin/../lib/gcc/arm-none-eabi/13.3.1/../../../../arm-none-eabi/lib/thumb/v7e-m/nofp/libm.a
LOAD /Applications/ArmGNUToolchain/13.3.rel1/arm-none-eabi/bin/../lib/gcc/arm-none-eabi/13.3.1/thumb/v7e-m/nofp/libgcc.a

.debug_info     0x00000000    0x11189
 .debug_info    0x00000000      0xc8a CMakeFiles/modbus.elf.dir/Core/Src/adc.c.obj
 .debug_info    0x00000c8a      0x123 CMakeFiles/modbus.elf.dir/Core/Src/crc.c.obj
 .debug_info    0x00000dad      0x473 CMakeFiles/modbus.elf.dir/Core/Src/dma.c.obj
 .debug_info    0x00001220      0x46a CMakeFiles/modbus.elf.dir/Core/Src/gpio.c.obj
 .debug_info    0x0000168a     0x1049 CMakeFiles/modbus.elf.dir/Core/Src/main.c.obj
 .debug_info    0x000026d3      0x8fc CMakeFiles/modbus.elf.dir/Core/Src/modbus.c.obj
 .debug_info    0x00002fcf      0x28d CMakeFiles/modbus.elf.dir/Core/Src/stm32f4xx_hal_msp.c.obj
 .debug_info    0x0000325c      0x6ae CMakeFiles/modbus.elf.dir/Core/Src/stm32f4xx_it.c.obj
 .debug_info    0x0000390a      0x35c CMakeFiles/modbus.elf.dir/Core/Src/system_stm32f4xx.c.obj
 .debug_info    0x00003c66      0x8f7 CMakeFiles/modbus.elf.dir/Core/Src/tim.c.obj
 .debug_info    0x0000455d      0xbd4 CMakeFiles/modbus.elf.dir/Core/Src/usart.c.obj
 .debug_info    0x00005131       0x30 CMakeFiles/modbus.elf.dir/Core/Startup/startup_stm32f411ceux.s.obj
 .debug_info    0x00005161      0x962 CMakeFiles/modbus.elf.dir/Drivers/STM32F4xx_HAL_Driver/Src/stm32f4xx_hal.c.obj
 .debug_info    0x00005ac3      0xe7f CMakeFiles/modbus.elf.dir/Drivers/STM32F4xx_HAL_Driver/Src/stm32f4xx_hal_adc.c.obj
 .debug_info    0x00006942      0xf32 CMakeFiles/modbus.elf.dir/Drivers/STM32F4xx_HAL_Driver/Src/stm32f4xx_hal_cortex.c.obj
 .debug_info    0x00007874      0xad8 CMakeFiles/modbus.elf.dir/Drivers/STM32F4xx_HAL_Driver/Src/stm32f4xx_hal_dma.c.obj
 .debug_info    0x0000834c      0x73a CMakeFiles/modbus.elf.dir/Drivers/STM32F4xx_HAL_Driver/Src/stm32f4xx_hal_gpio.c.obj
 .debug_info    0x00008a86      0xab0 CMakeFiles/modbus.elf.dir/Drivers/STM32F4xx_HAL_Driver/Src/stm32f4xx_hal_rcc.c.obj
 .debug_info    0x00009536     0x3c4c CMakeFiles/modbus.elf.dir/Drivers/STM32F4xx_HAL_Driver/Src/stm32f4xx_hal_tim.c.obj
 .debug_info    0x0000d182     0x4007 CMakeFiles/modbus.elf.dir/Drivers/STM32F4xx_HAL_Driver/Src/stm32f4xx_hal_uart.c.obj

.debug_abbrev   0x00000000     0x26e0
 .debug_abbrev  0x00000000      0x219 CMakeFiles/modbus.elf.dir/Core/Src/adc.c.obj
 .debug_abbrev  0x00000219       0xa0 CMakeFiles/modbus.elf.dir/Core/Src/crc.c.obj
 .debug_abbrev  0x000002b9      0x12b CMakeFiles/modbus.elf.dir/Core/Src/dma.c.obj
 .debug_abbrev  0x000003e4      0x163 CMakeFiles/modbus.elf.dir/Core/Src/gpio.c.obj
 .debug_abbrev  0x00000547      0x26d CMakeFiles/modbus.elf.dir/Core/Src/main.c.obj
 .debug_abbrev  0x000007b4      0x1f5 CMakeFiles/modbus.elf.dir/Core/Src/modbus.c.obj
 .debug_abbrev  0x000009a9       0xd6 CMakeFiles/modbus.elf.dir/Core/Src/stm32f4xx_hal_msp.c.obj
 .debug_abbrev  0x00000a7f      0x1a1 CMakeFiles/modbus.elf.dir/Core/Src/stm32f4xx_it.c.obj
 .debug_abbrev  0x00000c20      0x120 CMakeFiles/modbus.elf.dir/Core/Src/system_stm32f4xx.c.obj
 .debug_abbrev  0x00000d40      0x1fd CMakeFiles/modbus.elf.dir/Core/Src/tim.c.obj
 .debug_abbrev  0x00000f3d      0x235 CMakeFiles/modbus.elf.dir/Core/Src/usart.c.obj
 .debug_abbrev  0x00001172       0x24 CMakeFiles/modbus.elf.dir/Core/Startup/startup_stm32f411ceux.s.obj
 .debug_abbrev  0x00001196      0x277 CMakeFiles/modbus.elf.dir/Drivers/STM32F4xx_HAL_Driver/Src/stm32f4xx_hal.c.obj
 .debug_abbrev  0x0000140d      0x234 CMakeFiles/modbus.elf.dir/Drivers/STM32F4xx_HAL_Driver/Src/stm32f4xx_hal_adc.c.obj
 .debug_abbrev  0x00001641      0x39c CMakeFiles/modbus.elf.dir/Drivers/STM32F4xx_HAL_Driver/Src/stm32f4xx_hal_cortex.c.obj
 .debug_abbrev  0x000019dd      0x27d CMakeFiles/modbus.elf.dir/Drivers/STM32F4xx_HAL_Driver/Src/stm32f4xx_hal_dma.c.obj
 .debug_abbrev  0x00001c5a      0x201 CMakeFiles/modbus.elf.dir/Drivers/STM32F4xx_HAL_Driver/Src/stm32f4xx_hal_gpio.c.obj
 .debug_abbrev  0x00001e5b      0x2c5 CMakeFiles/modbus.elf.dir/Drivers/STM32F4xx_HAL_Driver/Src/stm32f4xx_hal_rcc.c.obj
 .debug_abbrev  0x00002120      0x284 CMakeFiles/modbus.elf.dir/Drivers/STM32F4xx_HAL_Driver/Src/stm32f4xx_hal_tim.c.obj
 .debug_abbrev  0x000023a4      0x33c CMakeFiles/modbus.elf.dir/Drivers/STM32F4xx_HAL_Driver/Src/stm32f4xx_hal_uart.c.obj

.debug_loclists
                0x00000000     0x8855
 .debug_loclists
                0x00000000       0x5c CMakeFiles/modbus.elf.dir/Core/Src/adc.c.obj
 .debug_loclists
                0x0000005c       0x72 CMakeFiles/modbus.elf.dir/Core/Src/crc.c.obj
 .debug_loclists
                0x000000ce       0x30 CMakeFiles/modbus.elf.dir/Core/Src/main.c.obj
 .debug_loclists
                0x000000fe      0x2b4 CMakeFiles/modbus.elf.dir/Core/Src/modbus.c.obj
 .debug_loclists
                0x000003b2       0xfa CMakeFiles/modbus.elf.dir/Core/Src/system_stm32f4xx.c.obj
 .debug_loclists
                0x000004ac       0x75 CMakeFiles/modbus.elf.dir/Core/Src/usart.c.obj
 .debug_loclists
                0x00000521       0xe1 CMakeFiles/modbus.elf.dir/Drivers/STM32F4xx_HAL_Driver/Src/stm32f4xx_hal.c.obj
 .debug_loclists
                0x00000602      0x8af CMakeFiles/modbus.elf.dir/Drivers/STM32F4xx_HAL_Driver/Src/stm32f4xx_hal_adc.c.obj
 .debug_loclists
                0x00000eb1      0x54d CMakeFiles/modbus.elf.dir/Drivers/STM32F4xx_HAL_Driver/Src/stm32f4xx_hal_cortex.c.obj
 .debug_loclists
                0x000013fe      0x88a CMakeFiles/modbus.elf.dir/Drivers/STM32F4xx_HAL_Driver/Src/stm32f4xx_hal_dma.c.obj
 .debug_loclists
                0x00001c88      0x386 CMakeFiles/modbus.elf.dir/Drivers/STM32F4xx_HAL_Driver/Src/stm32f4xx_hal_gpio.c.obj
 .debug_loclists
                0x0000200e      0x3e5 CMakeFiles/modbus.elf.dir/Drivers/STM32F4xx_HAL_Driver/Src/stm32f4xx_hal_rcc.c.obj
 .debug_loclists
                0x000023f3     0x37d9 CMakeFiles/modbus.elf.dir/Drivers/STM32F4xx_HAL_Driver/Src/stm32f4xx_hal_tim.c.obj
 .debug_loclists
                0x00005bcc     0x2c89 CMakeFiles/modbus.elf.dir/Drivers/STM32F4xx_HAL_Driver/Src/stm32f4xx_hal_uart.c.obj

.debug_aranges  0x00000000      0xc40
 .debug_aranges
                0x00000000       0x30 CMakeFiles/modbus.elf.dir/Core/Src/adc.c.obj
 .debug_aranges
                0x00000030       0x20 CMakeFiles/modbus.elf.dir/Core/Src/crc.c.obj
 .debug_aranges
                0x00000050       0x20 CMakeFiles/modbus.elf.dir/Core/Src/dma.c.obj
 .debug_aranges
                0x00000070       0x20 CMakeFiles/modbus.elf.dir/Core/Src/gpio.c.obj
 .debug_aranges
                0x00000090       0x40 CMakeFiles/modbus.elf.dir/Core/Src/main.c.obj
 .debug_aranges
                0x000000d0       0x28 CMakeFiles/modbus.elf.dir/Core/Src/modbus.c.obj
 .debug_aranges
                0x000000f8       0x20 CMakeFiles/modbus.elf.dir/Core/Src/stm32f4xx_hal_msp.c.obj
 .debug_aranges
                0x00000118       0x70 CMakeFiles/modbus.elf.dir/Core/Src/stm32f4xx_it.c.obj
 .debug_aranges
                0x00000188       0x28 CMakeFiles/modbus.elf.dir/Core/Src/system_stm32f4xx.c.obj
 .debug_aranges
                0x000001b0       0x30 CMakeFiles/modbus.elf.dir/Core/Src/tim.c.obj
 .debug_aranges
                0x000001e0       0x30 CMakeFiles/modbus.elf.dir/Core/Src/usart.c.obj
 .debug_aranges
                0x00000210       0x28 CMakeFiles/modbus.elf.dir/Core/Startup/startup_stm32f411ceux.s.obj
 .debug_aranges
                0x00000238       0xf0 CMakeFiles/modbus.elf.dir/Drivers/STM32F4xx_HAL_Driver/Src/stm32f4xx_hal.c.obj
 .debug_aranges
                0x00000328       0xe8 CMakeFiles/modbus.elf.dir/Drivers/STM32F4xx_HAL_Driver/Src/stm32f4xx_hal_adc.c.obj
 .debug_aranges
                0x00000410       0xe8 CMakeFiles/modbus.elf.dir/Drivers/STM32F4xx_HAL_Driver/Src/stm32f4xx_hal_cortex.c.obj
 .debug_aranges
                0x000004f8       0x90 CMakeFiles/modbus.elf.dir/Drivers/STM32F4xx_HAL_Driver/Src/stm32f4xx_hal_dma.c.obj
 .debug_aranges
                0x00000588       0x58 CMakeFiles/modbus.elf.dir/Drivers/STM32F4xx_HAL_Driver/Src/stm32f4xx_hal_gpio.c.obj
 .debug_aranges
                0x000005e0       0x88 CMakeFiles/modbus.elf.dir/Drivers/STM32F4xx_HAL_Driver/Src/stm32f4xx_hal_rcc.c.obj
 .debug_aranges
                0x00000668      0x3d0 CMakeFiles/modbus.elf.dir/Drivers/STM32F4xx_HAL_Driver/Src/stm32f4xx_hal_tim.c.obj
 .debug_aranges
                0x00000a38      0x208 CMakeFiles/modbus.elf.dir/Drivers/STM32F4xx_HAL_Driver/Src/stm32f4xx_hal_uart.c.obj

.debug_rnglists
                0x00000000      0x961
 .debug_rnglists
                0x00000000       0x21 CMakeFiles/modbus.elf.dir/Core/Src/adc.c.obj
 .debug_rnglists
                0x00000021       0x2b CMakeFiles/modbus.elf.dir/Core/Src/crc.c.obj
 .debug_rnglists
                0x0000004c       0x13 CMakeFiles/modbus.elf.dir/Core/Src/dma.c.obj
 .debug_rnglists
                0x0000005f       0x14 CMakeFiles/modbus.elf.dir/Core/Src/gpio.c.obj
 .debug_rnglists
                0x00000073       0x2c CMakeFiles/modbus.elf.dir/Core/Src/main.c.obj
 .debug_rnglists
                0x0000009f       0x26 CMakeFiles/modbus.elf.dir/Core/Src/modbus.c.obj
 .debug_rnglists
                0x000000c5       0x13 CMakeFiles/modbus.elf.dir/Core/Src/stm32f4xx_hal_msp.c.obj
 .debug_rnglists
                0x000000d8       0x4f CMakeFiles/modbus.elf.dir/Core/Src/stm32f4xx_it.c.obj
 .debug_rnglists
                0x00000127       0x1a CMakeFiles/modbus.elf.dir/Core/Src/system_stm32f4xx.c.obj
 .debug_rnglists
                0x00000141       0x1f CMakeFiles/modbus.elf.dir/Core/Src/tim.c.obj
 .debug_rnglists
                0x00000160       0x20 CMakeFiles/modbus.elf.dir/Core/Src/usart.c.obj
 .debug_rnglists
                0x00000180       0x19 CMakeFiles/modbus.elf.dir/Core/Startup/startup_stm32f411ceux.s.obj
 .debug_rnglists
                0x00000199       0xaf CMakeFiles/modbus.elf.dir/Drivers/STM32F4xx_HAL_Driver/Src/stm32f4xx_hal.c.obj
 .debug_rnglists
                0x00000248       0xb0 CMakeFiles/modbus.elf.dir/Drivers/STM32F4xx_HAL_Driver/Src/stm32f4xx_hal_adc.c.obj
 .debug_rnglists
                0x000002f8       0xa9 CMakeFiles/modbus.elf.dir/Drivers/STM32F4xx_HAL_Driver/Src/stm32f4xx_hal_cortex.c.obj
 .debug_rnglists
                0x000003a1       0x6c CMakeFiles/modbus.elf.dir/Drivers/STM32F4xx_HAL_Driver/Src/stm32f4xx_hal_dma.c.obj
 .debug_rnglists
                0x0000040d       0x3f CMakeFiles/modbus.elf.dir/Drivers/STM32F4xx_HAL_Driver/Src/stm32f4xx_hal_gpio.c.obj
 .debug_rnglists
                0x0000044c       0x75 CMakeFiles/modbus.elf.dir/Drivers/STM32F4xx_HAL_Driver/Src/stm32f4xx_hal_rcc.c.obj
 .debug_rnglists
                0x000004c1      0x2ff CMakeFiles/modbus.elf.dir/Drivers/STM32F4xx_HAL_Driver/Src/stm32f4xx_hal_tim.c.obj
 .debug_rnglists
                0x000007c0      0x1a1 CMakeFiles/modbus.elf.dir/Drivers/STM32F4xx_HAL_Driver/Src/stm32f4xx_hal_uart.c.obj

.debug_line     0x00000000     0xdd79
 .debug_line    0x00000000      0x56c CMakeFiles/modbus.elf.dir/Core/Src/adc.c.obj
 .debug_line    0x0000056c      0x18b CMakeFiles/modbus.elf.dir/Core/Src/crc.c.obj
 .debug_line    0x000006f7      0x1da CMakeFiles/modbus.elf.dir/Core/Src/dma.c.obj
 .debug_line    0x000008d1      0x213 CMakeFiles/modbus.elf.dir/Core/Src/gpio.c.obj
 .debug_line    0x00000ae4      0x4a6 CMakeFiles/modbus.elf.dir/Core/Src/main.c.obj
 .debug_line    0x00000f8a      0x403 CMakeFiles/modbus.elf.dir/Core/Src/modbus.c.obj
 .debug_line    0x0000138d      0x197 CMakeFiles/modbus.elf.dir/Core/Src/stm32f4xx_hal_msp.c.obj
 .debug_line    0x00001524      0x317 CMakeFiles/modbus.elf.dir/Core/Src/stm32f4xx_it.c.obj
 .debug_line    0x0000183b      0x25e CMakeFiles/modbus.elf.dir/Core/Src/system_stm32f4xx.c.obj
 .debug_line    0x00001a99      0x2d3 CMakeFiles/modbus.elf.dir/Core/Src/tim.c.obj
 .debug_line    0x00001d6c      0x35c CMakeFiles/modbus.elf.dir/Core/Src/usart.c.obj
 .debug_line    0x000020c8       0x7a CMakeFiles/modbus.elf.dir/Core/Startup/startup_stm32f411ceux.s.obj
 .debug_line    0x00002142      0x5dd CMakeFiles/modbus.elf.dir/Drivers/STM32F4xx_HAL_Driver/Src/stm32f4xx_hal.c.obj
 .debug_line    0x0000271f     0x1056 CMakeFiles/modbus.elf.dir/Drivers/STM32F4xx_HAL_Driver/Src/stm32f4xx_hal_adc.c.obj
 .debug_line    0x00003775      0x885 CMakeFiles/modbus.elf.dir/Drivers/STM32F4xx_HAL_Driver/Src/stm32f4xx_hal_cortex.c.obj
 .debug_line    0x00003ffa      0xe8e CMakeFiles/modbus.elf.dir/Drivers/STM32F4xx_HAL_Driver/Src/stm32f4xx_hal_dma.c.obj
 .debug_line    0x00004e88      0x714 CMakeFiles/modbus.elf.dir/Drivers/STM32F4xx_HAL_Driver/Src/stm32f4xx_hal_gpio.c.obj
 .debug_line    0x0000559c      0xbdf CMakeFiles/modbus.elf.dir/Drivers/STM32F4xx_HAL_Driver/Src/stm32f4xx_hal_rcc.c.obj
 .debug_line    0x0000617b     0x46cb CMakeFiles/modbus.elf.dir/Drivers/STM32F4xx_HAL_Driver/Src/stm32f4xx_hal_tim.c.obj
 .debug_line    0x0000a846     0x3533 CMakeFiles/modbus.elf.dir/Drivers/STM32F4xx_HAL_Driver/Src/stm32f4xx_hal_uart.c.obj

.debug_str      0x00000000     0x3d0e
 .debug_str     0x00000000     0x3d0e CMakeFiles/modbus.elf.dir/Core/Src/adc.c.obj
                                0x83d (size before relaxing)
 .debug_str     0x00003d0e      0x1de CMakeFiles/modbus.elf.dir/Core/Src/crc.c.obj
 .debug_str     0x00003d0e      0x69f CMakeFiles/modbus.elf.dir/Core/Src/dma.c.obj
 .debug_str     0x00003d0e      0x3a4 CMakeFiles/modbus.elf.dir/Core/Src/gpio.c.obj
 .debug_str     0x00003d0e      0xbd1 CMakeFiles/modbus.elf.dir/Core/Src/main.c.obj
 .debug_str     0x00003d0e      0x746 CMakeFiles/modbus.elf.dir/Core/Src/modbus.c.obj
 .debug_str     0x00003d0e      0x2e5 CMakeFiles/modbus.elf.dir/Core/Src/stm32f4xx_hal_msp.c.obj
 .debug_str     0x00003d0e      0x743 CMakeFiles/modbus.elf.dir/Core/Src/stm32f4xx_it.c.obj
 .debug_str     0x00003d0e      0x34b CMakeFiles/modbus.elf.dir/Core/Src/system_stm32f4xx.c.obj
 .debug_str     0x00003d0e      0x894 CMakeFiles/modbus.elf.dir/Core/Src/tim.c.obj
 .debug_str     0x00003d0e      0xc3c CMakeFiles/modbus.elf.dir/Core/Src/usart.c.obj
 .debug_str     0x00003d0e       0x89 CMakeFiles/modbus.elf.dir/Core/Startup/startup_stm32f411ceux.s.obj
 .debug_str     0x00003d0e      0xa36 CMakeFiles/modbus.elf.dir/Drivers/STM32F4xx_HAL_Driver/Src/stm32f4xx_hal.c.obj
 .debug_str     0x00003d0e      0x97a CMakeFiles/modbus.elf.dir/Drivers/STM32F4xx_HAL_Driver/Src/stm32f4xx_hal_adc.c.obj
 .debug_str     0x00003d0e      0xb03 CMakeFiles/modbus.elf.dir/Drivers/STM32F4xx_HAL_Driver/Src/stm32f4xx_hal_cortex.c.obj
 .debug_str     0x00003d0e      0x78e CMakeFiles/modbus.elf.dir/Drivers/STM32F4xx_HAL_Driver/Src/stm32f4xx_hal_dma.c.obj
 .debug_str     0x00003d0e      0x50a CMakeFiles/modbus.elf.dir/Drivers/STM32F4xx_HAL_Driver/Src/stm32f4xx_hal_gpio.c.obj
 .debug_str     0x00003d0e      0x730 CMakeFiles/modbus.elf.dir/Drivers/STM32F4xx_HAL_Driver/Src/stm32f4xx_hal_rcc.c.obj
 .debug_str     0x00003d0e     0x1717 CMakeFiles/modbus.elf.dir/Drivers/STM32F4xx_HAL_Driver/Src/stm32f4xx_hal_tim.c.obj
 .debug_str     0x00003d0e      0xdb3 CMakeFiles/modbus.elf.dir/Drivers/STM32F4xx_HAL_Driver/Src/stm32f4xx_hal_uart.c.obj

.comment        0x00000000       0x45
 .comment       0x00000000       0x45 CMakeFiles/modbus.elf.dir/Core/Src/adc.c.obj
                                 0x46 (size before relaxing)
 .comment       0x00000045       0x46 CMakeFiles/modbus.elf.dir/Core/Src/crc.c.obj
 .comment       0x00000045       0x46 CMakeFiles/modbus.elf.dir/Core/Src/dma.c.obj
 .comment       0x00000045       0x46 CMakeFiles/modbus.elf.dir/Core/Src/gpio.c.obj
 .comment       0x00000045       0x46 CMakeFiles/modbus.elf.dir/Core/Src/main.c.obj
 .comment       0x00000045       0x46 CMakeFiles/modbus.elf.dir/Core/Src/modbus.c.obj
 .comment       0x00000045       0x46 CMakeFiles/modbus.elf.dir/Core/Src/stm32f4xx_hal_msp.c.obj
 .comment       0x00000045       0x46 CMakeFiles/modbus.elf.dir/Core/Src/stm32f4xx_it.c.obj
 .comment       0x00000045       0x46 CMakeFiles/modbus.elf.dir/Core/Src/system_stm32f4xx.c.obj
 .comment       0x00000045       0x46 CMakeFiles/modbus.elf.dir/Core/Src/tim.c.obj
 .comment       0x00000045       0x46 CMakeFiles/modbus.elf.dir/Core/Src/usart.c.obj
 .comment       0x00000045       0x46 CMakeFiles/modbus.elf.dir/Drivers/STM32F4xx_HAL_Driver/Src/stm32f4xx_hal.c.obj
 .comment       0x00000045       0x46 CMakeFiles/modbus.elf.dir/Drivers/STM32F4xx_HAL_Driver/Src/stm32f4xx_hal_adc.c.obj
 .comment       0x00000045       0x46 CMakeFiles/modbus.elf.dir/Drivers/STM32F4xx_HAL_Driver/Src/stm32f4xx_hal_cortex.c.obj
 .comment       0x00000045       0x46 CMakeFiles/modbus.elf.dir/Drivers/STM32F4xx_HAL_Driver/Src/stm32f4xx_hal_dma.c.obj
 .comment       0x00000045       0x46 CMakeFiles/modbus.elf.dir/Drivers/STM32F4xx_HAL_Driver/Src/stm32f4xx_hal_gpio.c.obj
 .comment       0x00000045       0x46 CMakeFiles/modbus.elf.dir/Drivers/STM32F4xx_HAL_Driver/Src/stm32f4xx_hal_rcc.c.obj
 .comment       0x00000045       0x46 CMakeFiles/modbus.elf.dir/Drivers/STM32F4xx_HAL_Driver/Src/stm32f4xx_hal_tim.c.obj
 .comment       0x00000045       0x46 CMakeFiles/modbus.elf.dir/Drivers/STM32F4xx_HAL_Driver/Src/stm32f4xx_hal_uart.c.obj

.debug_frame    0x00000000     0x2108
 .debug_frame   0x00000000       0x6c CMakeFiles/modbus.elf.dir/Core/Src/adc.c.obj
 .debug_frame   0x0000006c       0x28 CMakeFiles/modbus.elf.dir/Core/Src/crc.c.obj
 .debug_frame   0x00000094       0x2c CMakeFiles/modbus.elf.dir/Core/Src/dma.c.obj
 .debug_frame   0x000000c0       0x30 CMakeFiles/modbus.elf.dir/Core/Src/gpio.c.obj
 .debug_frame   0x000000f0       0x90 CMakeFiles/modbus.elf.dir/Core/Src/main.c.obj
 .debug_frame   0x00000180       0x58 CMakeFiles/modbus.elf.dir/Core/Src/modbus.c.obj
 .debug_frame   0x000001d8       0x28 CMakeFiles/modbus.elf.dir/Core/Src/stm32f4xx_hal_msp.c.obj
 .debug_frame   0x00000200       0xd8 CMakeFiles/modbus.elf.dir/Core/Src/stm32f4xx_it.c.obj
 .debug_frame   0x000002d8       0x30 CMakeFiles/modbus.elf.dir/Core/Src/system_stm32f4xx.c.obj
 .debug_frame   0x00000308       0x50 CMakeFiles/modbus.elf.dir/Core/Src/tim.c.obj
 .debug_frame   0x00000358       0x60 CMakeFiles/modbus.elf.dir/Core/Src/usart.c.obj
 .debug_frame   0x000003b8      0x1ec CMakeFiles/modbus.elf.dir/Drivers/STM32F4xx_HAL_Driver/Src/stm32f4xx_hal.c.obj
 .debug_frame   0x000005a4      0x268 CMakeFiles/modbus.elf.dir/Drivers/STM32F4xx_HAL_Driver/Src/stm32f4xx_hal_adc.c.obj
 .debug_frame   0x0000080c      0x1f4 CMakeFiles/modbus.elf.dir/Drivers/STM32F4xx_HAL_Driver/Src/stm32f4xx_hal_cortex.c.obj
 .debug_frame   0x00000a00      0x188 CMakeFiles/modbus.elf.dir/Drivers/STM32F4xx_HAL_Driver/Src/stm32f4xx_hal_dma.c.obj
 .debug_frame   0x00000b88       0xd4 CMakeFiles/modbus.elf.dir/Drivers/STM32F4xx_HAL_Driver/Src/stm32f4xx_hal_gpio.c.obj
 .debug_frame   0x00000c5c      0x16c CMakeFiles/modbus.elf.dir/Drivers/STM32F4xx_HAL_Driver/Src/stm32f4xx_hal_rcc.c.obj
 .debug_frame   0x00000dc8      0xb18 CMakeFiles/modbus.elf.dir/Drivers/STM32F4xx_HAL_Driver/Src/stm32f4xx_hal_tim.c.obj
 .debug_frame   0x000018e0      0x5dc CMakeFiles/modbus.elf.dir/Drivers/STM32F4xx_HAL_Driver/Src/stm32f4xx_hal_uart.c.obj
 .debug_frame   0x00001ebc       0x2c /Applications/ArmGNUToolchain/13.3.rel1/arm-none-eabi/bin/../lib/gcc/arm-none-eabi/13.3.1/thumb/v7e-m/nofp/libgcc.a(_aeabi_uldivmod.o)
 .debug_frame   0x00001ee8       0x34 /Applications/ArmGNUToolchain/13.3.rel1/arm-none-eabi/bin/../lib/gcc/arm-none-eabi/13.3.1/thumb/v7e-m/nofp/libgcc.a(_udivmoddi4.o)
 .debug_frame   0x00001f1c       0x2c /Applications/ArmGNUToolchain/13.3.rel1/arm-none-eabi/bin/../lib/gcc/arm-none-eabi/13.3.1/../../../../arm-none-eabi/lib/thumb/v7e-m/nofp/libg.a(libc_a-memset.o)
 .debug_frame   0x00001f48       0x2c /Applications/ArmGNUToolchain/13.3.rel1/arm-none-eabi/bin/../lib/gcc/arm-none-eabi/13.3.1/../../../../arm-none-eabi/lib/thumb/v7e-m/nofp/libg.a(libc_a-init.o)
 .debug_frame   0x00001f74       0xb0 /Applications/ArmGNUToolchain/13.3.rel1/arm-none-eabi/bin/../lib/gcc/arm-none-eabi/13.3.1/../../../../arm-none-eabi/lib/thumb/v7e-m/nofp/libg.a(libc_a-lock.o)
 .debug_frame   0x00002024       0x5c /Applications/ArmGNUToolchain/13.3.rel1/arm-none-eabi/bin/../lib/gcc/arm-none-eabi/13.3.1/../../../../arm-none-eabi/lib/thumb/v7e-m/nofp/libg.a(libc_a-__call_atexit.o)
 .debug_frame   0x00002080       0x20 /Applications/ArmGNUToolchain/13.3.rel1/arm-none-eabi/bin/../lib/gcc/arm-none-eabi/13.3.1/../../../../arm-none-eabi/lib/thumb/v7e-m/nofp/libg.a(libc_a-atexit.o)
 .debug_frame   0x000020a0       0x34 /Applications/ArmGNUToolchain/13.3.rel1/arm-none-eabi/bin/../lib/gcc/arm-none-eabi/13.3.1/../../../../arm-none-eabi/lib/thumb/v7e-m/nofp/libg.a(libc_a-fini.o)
 .debug_frame   0x000020d4       0x34 /Applications/ArmGNUToolchain/13.3.rel1/arm-none-eabi/bin/../lib/gcc/arm-none-eabi/13.3.1/../../../../arm-none-eabi/lib/thumb/v7e-m/nofp/libg.a(libc_a-__atexit.o)

.debug_line_str
                0x00000000      0x148
 .debug_line_str
                0x00000000      0x148 CMakeFiles/modbus.elf.dir/Core/Startup/startup_stm32f411ceux.s.obj
                                 0x6d (size before relaxing)
 .debug_line_str
                0x00000148       0xcf /Applications/ArmGNUToolchain/13.3.rel1/arm-none-eabi/bin/../lib/gcc/arm-none-eabi/13.3.1/thumb/v7e-m/nofp/libgcc.a(_aeabi_uldivmod.o)
 .debug_line_str
                0x00000148       0xd3 /Applications/ArmGNUToolchain/13.3.rel1/arm-none-eabi/bin/../lib/gcc/arm-none-eabi/13.3.1/thumb/v7e-m/nofp/libgcc.a(_dvmd_tls.o)
