Archive member included to satisfy reference by file (symbol)

/Applications/ArmGNUToolchain/13.3.rel1/arm-none-eabi/bin/../lib/gcc/arm-none-eabi/13.3.1/thumb/v7e-m/nofp/libgcc.a(_aeabi_uldivmod.o)
                              CMakeFiles/modbus.elf.dir/Drivers/STM32F4xx_HAL_Driver/Src/stm32f4xx_hal_rcc.c.obj (__aeabi_uldivmod)
/Applications/ArmGNUToolchain/13.3.rel1/arm-none-eabi/bin/../lib/gcc/arm-none-eabi/13.3.1/thumb/v7e-m/nofp/libgcc.a(_udivmoddi4.o)
                              /Applications/ArmGNUToolchain/13.3.rel1/arm-none-eabi/bin/../lib/gcc/arm-none-eabi/13.3.1/thumb/v7e-m/nofp/libgcc.a(_aeabi_uldivmod.o) (__udivmoddi4)
/Applications/ArmGNUToolchain/13.3.rel1/arm-none-eabi/bin/../lib/gcc/arm-none-eabi/13.3.1/thumb/v7e-m/nofp/libgcc.a(_dvmd_tls.o)
                              /Applications/ArmGNUToolchain/13.3.rel1/arm-none-eabi/bin/../lib/gcc/arm-none-eabi/13.3.1/thumb/v7e-m/nofp/libgcc.a(_aeabi_uldivmod.o) (__aeabi_ldiv0)
/Applications/ArmGNUToolchain/13.3.rel1/arm-none-eabi/bin/../lib/gcc/arm-none-eabi/13.3.1/../../../../arm-none-eabi/lib/thumb/v7e-m/nofp/libg.a(libc_a-exit.o)
                              /Applications/ArmGNUToolchain/13.3.rel1/arm-none-eabi/bin/../lib/gcc/arm-none-eabi/13.3.1/../../../../arm-none-eabi/lib/thumb/v7e-m/nofp/crt0.o (exit)
/Applications/ArmGNUToolchain/13.3.rel1/arm-none-eabi/bin/../lib/gcc/arm-none-eabi/13.3.1/../../../../arm-none-eabi/lib/thumb/v7e-m/nofp/libg.a(libc_a-findfp.o)
                              /Applications/ArmGNUToolchain/13.3.rel1/arm-none-eabi/bin/../lib/gcc/arm-none-eabi/13.3.1/../../../../arm-none-eabi/lib/thumb/v7e-m/nofp/libg.a(libc_a-exit.o) (__stdio_exit_handler)
/Applications/ArmGNUToolchain/13.3.rel1/arm-none-eabi/bin/../lib/gcc/arm-none-eabi/13.3.1/../../../../arm-none-eabi/lib/thumb/v7e-m/nofp/libg.a(libc_a-memset.o)
                              /Applications/ArmGNUToolchain/13.3.rel1/arm-none-eabi/bin/../lib/gcc/arm-none-eabi/13.3.1/../../../../arm-none-eabi/lib/thumb/v7e-m/nofp/crt0.o (memset)
/Applications/ArmGNUToolchain/13.3.rel1/arm-none-eabi/bin/../lib/gcc/arm-none-eabi/13.3.1/../../../../arm-none-eabi/lib/thumb/v7e-m/nofp/libg.a(libc_a-impure.o)
                              /Applications/ArmGNUToolchain/13.3.rel1/arm-none-eabi/bin/../lib/gcc/arm-none-eabi/13.3.1/../../../../arm-none-eabi/lib/thumb/v7e-m/nofp/libg.a(libc_a-findfp.o) (_impure_data)
/Applications/ArmGNUToolchain/13.3.rel1/arm-none-eabi/bin/../lib/gcc/arm-none-eabi/13.3.1/../../../../arm-none-eabi/lib/thumb/v7e-m/nofp/libg.a(libc_a-errno.o)
                              CMakeFiles/modbus.elf.dir/Core/Src/syscalls.c.obj (__errno)
/Applications/ArmGNUToolchain/13.3.rel1/arm-none-eabi/bin/../lib/gcc/arm-none-eabi/13.3.1/../../../../arm-none-eabi/lib/thumb/v7e-m/nofp/libg.a(libc_a-init.o)
                              /Applications/ArmGNUToolchain/13.3.rel1/arm-none-eabi/bin/../lib/gcc/arm-none-eabi/13.3.1/../../../../arm-none-eabi/lib/thumb/v7e-m/nofp/crt0.o (__libc_init_array)
/Applications/ArmGNUToolchain/13.3.rel1/arm-none-eabi/bin/../lib/gcc/arm-none-eabi/13.3.1/../../../../arm-none-eabi/lib/thumb/v7e-m/nofp/libg.a(libc_a-lock.o)
                              /Applications/ArmGNUToolchain/13.3.rel1/arm-none-eabi/bin/../lib/gcc/arm-none-eabi/13.3.1/../../../../arm-none-eabi/lib/thumb/v7e-m/nofp/libg.a(libc_a-findfp.o) (__retarget_lock_init_recursive)
/Applications/ArmGNUToolchain/13.3.rel1/arm-none-eabi/bin/../lib/gcc/arm-none-eabi/13.3.1/../../../../arm-none-eabi/lib/thumb/v7e-m/nofp/libg.a(libc_a-__call_atexit.o)
                              /Applications/ArmGNUToolchain/13.3.rel1/arm-none-eabi/bin/../lib/gcc/arm-none-eabi/13.3.1/../../../../arm-none-eabi/lib/thumb/v7e-m/nofp/libg.a(libc_a-exit.o) (__call_exitprocs)
/Applications/ArmGNUToolchain/13.3.rel1/arm-none-eabi/bin/../lib/gcc/arm-none-eabi/13.3.1/../../../../arm-none-eabi/lib/thumb/v7e-m/nofp/libg.a(libc_a-atexit.o)
                              /Applications/ArmGNUToolchain/13.3.rel1/arm-none-eabi/bin/../lib/gcc/arm-none-eabi/13.3.1/../../../../arm-none-eabi/lib/thumb/v7e-m/nofp/libg.a(libc_a-__call_atexit.o) (atexit)
/Applications/ArmGNUToolchain/13.3.rel1/arm-none-eabi/bin/../lib/gcc/arm-none-eabi/13.3.1/../../../../arm-none-eabi/lib/thumb/v7e-m/nofp/libg.a(libc_a-mallocr.o)
                              /Applications/ArmGNUToolchain/13.3.rel1/arm-none-eabi/bin/../lib/gcc/arm-none-eabi/13.3.1/../../../../arm-none-eabi/lib/thumb/v7e-m/nofp/libg.a(libc_a-findfp.o) (_malloc_r)
/Applications/ArmGNUToolchain/13.3.rel1/arm-none-eabi/bin/../lib/gcc/arm-none-eabi/13.3.1/../../../../arm-none-eabi/lib/thumb/v7e-m/nofp/libg.a(libc_a-mlock.o)
                              /Applications/ArmGNUToolchain/13.3.rel1/arm-none-eabi/bin/../lib/gcc/arm-none-eabi/13.3.1/../../../../arm-none-eabi/lib/thumb/v7e-m/nofp/libg.a(libc_a-mallocr.o) (__malloc_lock)
/Applications/ArmGNUToolchain/13.3.rel1/arm-none-eabi/bin/../lib/gcc/arm-none-eabi/13.3.1/../../../../arm-none-eabi/lib/thumb/v7e-m/nofp/libg.a(libc_a-fwalk.o)
[...]
Memory Configuration

Name             Origin             Length             Attributes
RAM              0x20000000         0x00020000         xrw
FLASH            0x08000000         0x00080000         xr
*default*        0x00000000         0xffffffff

Linker script and memory map

LOAD /Applications/ArmGNUToolchain/13.3.rel1/arm-none-eabi/bin/../lib/gcc/arm-none-eabi/13.3.1/thumb/v7e-m/nofp/crti.o
LOAD /Applications/ArmGNUToolchain/13.3.rel1/arm-none-eabi/bin/../lib/gcc/arm-none-eabi/13.3.1/thumb/v7e-m/nofp/crtbegin.o
LOAD /Applications/ArmGNUToolchain/13.3.rel1/arm-none-eabi/bin/../lib/gcc/arm-none-eabi/13.3.1/../../../../arm-none-eabi/lib/thumb/v7e-m/nofp/crt0.o
LOAD CMakeFiles/modbus.elf.dir/Core/Src/adc.c.obj
LOAD CMakeFiles/modbus.elf.dir/Core/Src/crc.c.obj
LOAD CMakeFiles/modbus.elf.dir/Core/Src/dma.c.obj
LOAD CMakeFiles/modbus.elf.dir/Core/Src/gpio.c.obj
LOAD CMakeFiles/modbus.elf.dir/Core/Src/main.c.obj
LOAD CMakeFiles/modbus.elf.dir/Core/Src/modbus.c.obj
LOAD CMakeFiles/modbus.elf.dir/Core/Src/stm32f4xx_hal_msp.c.obj
LOAD CMakeFiles/modbus.elf.dir/Core/Src/stm32f4xx_it.c.obj
LOAD CMakeFiles/modbus.elf.dir/Core/Src/syscalls.c.obj
LOAD CMakeFiles/modbus.elf.dir/Core/Src/sysmem.c.obj
LOAD CMakeFiles/modbus.elf.dir/Core/Src/system_stm32f4xx.c.obj
LOAD CMakeFiles/modbus.elf.dir/Core/Src/tim.c.obj
LOAD CMakeFiles/modbus.elf.dir/Core/Src/usart.c.obj
LOAD CMakeFiles/modbus.elf.dir/Core/Startup/startup_stm32f411ceux.s.obj
LOAD CMakeFiles/modbus.elf.dir/Drivers/STM32F4xx_HAL_Driver/Src/stm32f4xx_hal.c.obj
LOAD CMakeFiles/modbus.elf.dir/Drivers/STM32F4xx_HAL_Driver/Src/stm32f4xx_hal_adc.c.obj
LOAD CMakeFiles/modbus.elf.dir/Drivers/STM32F4xx_HAL_Driver/Src/stm32f4xx_hal_adc_ex.c.obj
LOAD CMakeFiles/modbus.elf.dir/Drivers/STM32F4xx_HAL_Driver/Src/stm32f4xx_hal_cortex.c.obj
LOAD CMakeFiles/modbus.elf.dir/Drivers/STM32F4xx_HAL_Driver/Src/stm32f4xx_hal_dma.c.obj
LOAD CMakeFiles/modbus.elf.dir/Drivers/STM32F4xx_HAL_Driver/Src/stm32f4xx_hal_dma_ex.c.obj
LOAD CMakeFiles/modbus.elf.dir/Drivers/STM32F4xx_HAL_Driver/Src/stm32f4xx_hal_exti.c.obj
LOAD CMakeFiles/modbus.elf.dir/Drivers/STM32F4xx_HAL_Driver/Src/stm32f4xx_hal_flash.c.obj
LOAD CMakeFiles/modbus.elf.dir/Drivers/STM32F4xx_HAL_Driver/Src/stm32f4xx_hal_flash_ex.c.obj
LOAD CMakeFiles/modbus.elf.dir/Drivers/STM32F4xx_HAL_Driver/Src/stm32f4xx_hal_flash_ramfunc.c.obj
LOAD CMakeFiles/modbus.elf.dir/Drivers/STM32F4xx_HAL_Driver/Src/stm32f4xx_hal_gpio.c.obj
LOAD CMakeFiles/modbus.elf.dir/Drivers/STM32F4xx_HAL_Driver/Src/stm32f4xx_hal_pwr.c.obj
LOAD CMakeFiles/modbus.elf.dir/Drivers/STM32F4xx_HAL_Driver/Src/stm32f4xx_hal_pwr_ex.c.obj
LOAD CMakeFiles/modbus.elf.dir/Drivers/STM32F4xx_HAL_Driver/Src/stm32f4xx_hal_rcc.c.obj
LOAD CMakeFiles/modbus.elf.dir/Drivers/STM32F4xx_HAL_Driver/Src/stm32f4xx_hal_rcc_ex.c.obj
LOAD CMakeFiles/modbus.elf.dir/Drivers/STM32F4xx_HAL_Driver/Src/stm32f4xx_hal_tim.c.obj
LOAD CMakeFiles/modbus.elf.dir/Drivers/STM32F4xx_HAL_Driver/Src/stm32f4xx_hal_tim_ex.c.obj
LOAD CMakeFiles/modbus.elf.dir/Drivers/STM32F4xx_HAL_Driver/Src/stm32f4xx_hal_uart.c.obj
LOAD CMakeFiles/modbus.elf.dir/Drivers/STM32F4xx_HAL_Driver/Src/stm32f4xx_ll_adc.c.obj
START GROUP
LOAD /Applications/ArmGNUToolchain/13.3.rel1/arm-none-eabi/bin/../lib/gcc/arm-none-eabi/13.3.1/thumb/v7e-m/nofp/libgcc.a
LOAD /Applications/ArmGNUToolchain/13.3.rel1/arm-none-eabi/bin/../lib/gcc/arm-none-eabi/13.3.1/../../../../arm-none-eabi/lib/thumb/v7e-m/nofp/libg.a
LOAD /Applications/ArmGNUToolchain/13.3.rel1/arm-none-eabi/bin/../lib/gcc/arm-none-eabi/13.3.1/../../../../arm-none-eabi/lib/thumb/v7e-m/nofp/libc.a
END GROUP
LOAD /Applications/ArmGNUToolchain/13.3.rel1/arm-none-eabi/bin/../lib/gcc/arm-none-eabi/13.3.1/thumb/v7e-m/nofp/crtend.o
LOAD /Applications/ArmGNUToolchain/13.3.rel1/arm-none-eabi/bin/../lib/gcc/arm-none-eabi/13.3.1/thumb/v7e-m/nofp/crtn.o
                0x20020000                        _estack = (ORIGIN (RAM) + LENGTH (RAM))
                0x00000200                        _Min_Heap_Size = 0x200
                0x00000400                        _Min_Stack_Size = 0x400

.isr_vector     0x08000000      0x198
                0x08000000                        . = ALIGN (0x4)
 *(.isr_vector)
 .isr_vector    0x08000000      0x198 CMakeFiles/modbus.elf.dir/Core/Startup/startup_stm32f411ceux.s.obj
                0x08000000                g_pfnVectors
                0x08000198                        . = ALIGN (0x4)

.text           0x08000198     0x2c90
                0x08000198                        . = ALIGN (0x4)
 *(.text)
 .text          0x08000198       0x30 /Applications/ArmGNUToolchain/13.3.rel1/arm-none-eabi/bin/../lib/gcc/arm-none-eabi/13.3.1/thumb/v7e-m/nofp/libgcc.a(_aeabi_uldivmod.o)
                0x08000198                __aeabi_uldivmod
 .text          0x080001c8        0x4 /Applications/ArmGNUToolchain/13.3.rel1/arm-none-eabi/bin/../lib/gcc/arm-none-eabi/13.3.1/thumb/v7e-m/nofp/libgcc.a(_dvmd_tls.o)
                0x080001c8                __aeabi_ldiv0
                0x080001c8                __aeabi_idiv0
 *(.text*)
 .text.deregister_tm_clones
                0x080001cc       0x1c /Applications/ArmGNUToolchain/13.3.rel1/arm-none-eabi/bin/../lib/gcc/arm-none-eabi/13.3.1/thumb/v7e-m/nofp/crtbegin.o
 .text.register_tm_clones
                0x080001e8       0x24 /Applications/ArmGNUToolchain/13.3.rel1/arm-none-eabi/bin/../lib/gcc/arm-none-eabi/13.3.1/thumb/v7e-m/nofp/crtbegin.o
 .text.__do_global_dtors_aux
                0x0800020c       0x28 /Applications/ArmGNUToolchain/13.3.rel1/arm-none-eabi/bin/../lib/gcc/arm-none-eabi/13.3.1/thumb/v7e-m/nofp/crtbegin.o
 .text.frame_dummy
                0x08000234       0x24 /Applications/ArmGNUToolchain/13.3.rel1/arm-none-eabi/bin/../lib/gcc/arm-none-eabi/13.3.1/thumb/v7e-m/nofp/crtbegin.o
 .text.MX_ADC1_Init
                0x08000258      0x170 CMakeFiles/modbus.elf.dir/Core/Src/adc.c.obj
                0x08000258                MX_ADC1_Init
 .text.HAL_ADC_MspInit
                0x080003c8       0xd0 CMakeFiles/modbus.elf.dir/Core/Src/adc.c.obj
                0x080003c8                HAL_ADC_MspInit
 .text.modbus_crc16
                0x08000498       0x3a CMakeFiles/modbus.elf.dir/Core/Src/crc.c.obj
                0x08000498                modbus_crc16
 *fill*         0x080004d2        0x2 
 .text.MX_DMA_Init
                0x080004d4       0x44 CMakeFiles/modbus.elf.dir/Core/Src/dma.c.obj
                0x080004d4                MX_DMA_Init
 .text.MX_GPIO_Init
                0x08000518       0x94 CMakeFiles/modbus.elf.dir/Core/Src/gpio.c.obj
                0x08000518                MX_GPIO_Init
 .text.updateGPIO
                0x080005ac       0x74 CMakeFiles/modbus.elf.dir/Core/Src/main.c.obj
                0x080005ac                updateGPIO
 .text.HAL_UART_IDLE_Callback
                0x08000620       0x6c CMakeFiles/modbus.elf.dir/Core/Src/main.c.obj
                0x08000620                HAL_UART_IDLE_Callback
 .text.Error_Handler
                0x0800068c        0x4 CMakeFiles/modbus.elf.dir/Core/Src/main.c.obj
                0x0800068c                Error_Handler
 .text.SystemClock_Config
                0x08000690       0xa4 CMakeFiles/modbus.elf.dir/Core/Src/main.c.obj
                0x08000690                SystemClock_Config
 .text.main     0x08000734       0x50 CMakeFiles/modbus.elf.dir/Core/Src/main.c.obj
                0x08000734                main
 .text.send_exception_response
                0x08000784       0x3c CMakeFiles/modbus.elf.dir/Core/Src/modbus.c.obj
                0x08000784                send_exception_response
 .text.modbus_process
                0x080007c0      0x136 CMakeFiles/modbus.elf.dir/Core/Src/modbus.c.obj
                0x080007c0                modbus_process
 *fill*         0x080008f6        0x2 
 .text.HAL_MspInit
                0x080008f8       0x38 CMakeFiles/modbus.elf.dir/Core/Src/stm32f4xx_hal_msp.c.obj
                0x080008f8                HAL_MspInit
 .text.NMI_Handler
                0x08000930        0x2 CMakeFiles/modbus.elf.dir/Core/Src/stm32f4xx_it.c.obj
                0x08000930                NMI_Handler
 .text.HardFault_Handler
                0x08000932        0x2 CMakeFiles/modbus.elf.dir/Core/Src/stm32f4xx_it.c.obj
                0x08000932                HardFault_Handler
 .text.MemManage_Handler
                0x08000934        0x2 CMakeFiles/modbus.elf.dir/Core/Src/stm32f4xx_it.c.obj
                0x08000934                MemManage_Handler
 .text.BusFault_Handler
                0x08000936        0x2 CMakeFiles/modbus.elf.dir/Core/Src/stm32f4xx_it.c.obj
                0x08000936                BusFault_Handler
 .text.UsageFault_Handler
                0x08000938        0x2 CMakeFiles/modbus.elf.dir/Core/Src/stm32f4xx_it.c.obj
                0x08000938                UsageFault_Handler
 .text.SVC_Handler
                0x0800093a        0x2 CMakeFiles/modbus.elf.dir/Core/Src/stm32f4xx_it.c.obj
                0x0800093a                SVC_Handler
 .text.DebugMon_Handler
                0x0800093c        0x2 CMakeFiles/modbus.elf.dir/Core/Src/stm32f4xx_it.c.obj
                0x0800093c                DebugMon_Handler
 .text.PendSV_Handler
                0x0800093e        0x2 CMakeFiles/modbus.elf.dir/Core/Src/stm32f4xx_it.c.obj
                0x0800093e                PendSV_Handler
 .text.SysTick_Handler
                0x08000940        0x8 CMakeFiles/modbus.elf.dir/Core/Src/stm32f4xx_it.c.obj
                0x08000940                SysTick_Handler
 .text.USART1_IRQHandler
                0x08000948       0x24 CMakeFiles/modbus.elf.dir/Core/Src/stm32f4xx_it.c.obj
                0x08000948                USART1_IRQHandler
 .text.DMA2_Stream0_IRQHandler
                0x0800096c       0x10 CMakeFiles/modbus.elf.dir/Core/Src/stm32f4xx_it.c.obj
                0x0800096c                DMA2_Stream0_IRQHandler
 .text.DMA2_Stream2_IRQHandler
                0x0800097c       0x10 CMakeFiles/modbus.elf.dir/Core/Src/stm32f4xx_it.c.obj
                0x0800097c                DMA2_Stream2_IRQHandler
 .text.SystemInit
                0x0800098c        0x2 CMakeFiles/modbus.elf.dir/Core/Src/system_stm32f4xx.c.obj
                0x0800098c                SystemInit
 *fill*         0x0800098e        0x2 
 .text.MX_TIM10_Init
                0x08000990       0x30 CMakeFiles/modbus.elf.dir/Core/Src/tim.c.obj
                0x08000990                MX_TIM10_Init
 .text.HAL_TIM_Base_MspInit
                0x080009c0       0x30 CMakeFiles/modbus.elf.dir/Core/Src/tim.c.obj
                0x080009c0                HAL_TIM_Base_MspInit
 .text.MX_USART1_UART_Init
                0x080009f0       0x34 CMakeFiles/modbus.elf.dir/Core/Src/usart.c.obj
                0x080009f0                MX_USART1_UART_Init
 .text.HAL_UART_MspInit
                0x08000a24       0xc0 CMakeFiles/modbus.elf.dir/Core/Src/usart.c.obj
                0x08000a24                HAL_UART_MspInit
 .text.Reset_Handler
                0x08000ae4       0x50 CMakeFiles/modbus.elf.dir/Core/Startup/startup_stm32f411ceux.s.obj
                0x08000ae4                Reset_Handler
 .text.Default_Handler
                0x08000b34        0x2 CMakeFiles/modbus.elf.dir/Core/Startup/startup_stm32f411ceux.s.obj
                0x08000b34                DMA1_Stream3_IRQHandler
                0x08000b34                EXTI2_IRQHandler
                0x08000b34                SPI4_IRQHandler
                0x08000b34                TIM1_CC_IRQHandler
                0x08000b34                DMA2_Stream5_IRQHandler
                0x08000b34                DMA1_Stream5_IRQHandler
                0x08000b34                PVD_IRQHandler
                0x08000b34                SDIO_IRQHandler
                0x08000b34                TAMP_STAMP_IRQHandler
                0x08000b34                EXTI3_IRQHandler
                0x08000b34                TIM1_UP_TIM10_IRQHandler
                0x08000b34                I2C3_ER_IRQHandler
                0x08000b34                EXTI0_IRQHandler
                0x08000b34                I2C2_EV_IRQHandler
                0x08000b34                DMA1_Stream2_IRQHandler
                0x08000b34                FPU_IRQHandler
                0x08000b34                SPI1_IRQHandler
                0x08000b34                TIM1_BRK_TIM9_IRQHandler
                0x08000b34                DMA2_Stream3_IRQHandler
                0x08000b34                USART6_IRQHandler
                0x08000b34                TIM4_IRQHandler
                0x08000b34                I2C1_EV_IRQHandler
                0x08000b34                DMA1_Stream6_IRQHandler
                0x08000b34                DMA1_Stream1_IRQHandler
                0x08000b34                TIM3_IRQHandler
                0x08000b34                RCC_IRQHandler
                0x08000b34                Default_Handler
                0x08000b34                EXTI15_10_IRQHandler
                0x08000b34                ADC_IRQHandler
                0x08000b34                DMA1_Stream7_IRQHandler
                0x08000b34                SPI5_IRQHandler
                0x08000b34                TIM5_IRQHandler
                0x08000b34                DMA2_Stream7_IRQHandler
                0x08000b34                I2C3_EV_IRQHandler
                0x08000b34                EXTI9_5_IRQHandler
                0x08000b34                RTC_WKUP_IRQHandler
                0x08000b34                SPI2_IRQHandler
                0x08000b34                DMA1_Stream0_IRQHandler
                0x08000b34                EXTI4_IRQHandler
                0x08000b34                WWDG_IRQHandler
                0x08000b34                TIM2_IRQHandler
                0x08000b34                OTG_FS_WKUP_IRQHandler
                0x08000b34                TIM1_TRG_COM_TIM11_IRQHandler
                0x08000b34                EXTI1_IRQHandler
                0x08000b34                USART2_IRQHandler
                0x08000b34                I2C2_ER_IRQHandler
                0x08000b34                DMA2_Stream1_IRQHandler
                0x08000b34                FLASH_IRQHandler
                0x08000b34                DMA2_Stream4_IRQHandler
                0x08000b34                OTG_FS_IRQHandler
                0x08000b34                SPI3_IRQHandler
                0x08000b34                DMA1_Stream4_IRQHandler
                0x08000b34                I2C1_ER_IRQHandler
                0x08000b34                DMA2_Stream6_IRQHandler
                0x08000b34                RTC_Alarm_IRQHandler
 *fill*         0x08000b36        0x2 
 .text.HAL_InitTick
                0x08000b38       0x4c CMakeFiles/modbus.elf.dir/Drivers/STM32F4xx_HAL_Driver/Src/stm32f4xx_hal.c.obj
                0x08000b38                HAL_InitTick
 .text.HAL_Init
                0x08000b84       0x34 CMakeFiles/modbus.elf.dir/Drivers/STM32F4xx_HAL_Driver/Src/stm32f4xx_hal.c.obj
                0x08000b84                HAL_Init
 .text.HAL_IncTick
                0x08000bb8       0x18 CMakeFiles/modbus.elf.dir/Drivers/STM32F4xx_HAL_Driver/Src/stm32f4xx_hal.c.obj
                0x08000bb8                HAL_IncTick
 .text.HAL_GetTick
                0x08000bd0        0xc CMakeFiles/modbus.elf.dir/Drivers/STM32F4xx_HAL_Driver/Src/stm32f4xx_hal.c.obj
                0x08000bd0                HAL_GetTick
 .text.ADC_Init
                0x08000bdc      0x134 CMakeFiles/modbus.elf.dir/Drivers/STM32F4xx_HAL_Driver/Src/stm32f4xx_hal_adc.c.obj
 .text.HAL_ADC_Init
                0x08000d10       0x56 CMakeFiles/modbus.elf.dir/Drivers/STM32F4xx_HAL_Driver/Src/stm32f4xx_hal_adc.c.obj
                0x08000d10                HAL_ADC_Init
 *fill*         0x08000d66        0x2 
 .text.HAL_ADC_Start_DMA
                0x08000d68      0x164 CMakeFiles/modbus.elf.dir/Drivers/STM32F4xx_HAL_Driver/Src/stm32f4xx_hal_adc.c.obj
                0x08000d68                HAL_ADC_Start_DMA
 .text.HAL_ADC_ConvCpltCallback
                0x08000ecc        0x2 CMakeFiles/modbus.elf.dir/Drivers/STM32F4xx_HAL_Driver/Src/stm32f4xx_hal_adc.c.obj
                0x08000ecc                HAL_ADC_ConvCpltCallback
 .text.HAL_ADC_ConvHalfCpltCallback
                0x08000ece        0x2 CMakeFiles/modbus.elf.dir/Drivers/STM32F4xx_HAL_Driver/Src/stm32f4xx_hal_adc.c.obj
                0x08000ece                HAL_ADC_ConvHalfCpltCallback
 .text.ADC_DMAHalfConvCplt
                0x08000ed0        0xa CMakeFiles/modbus.elf.dir/Drivers/STM32F4xx_HAL_Driver/Src/stm32f4xx_hal_adc.c.obj
 .text.HAL_ADC_ErrorCallback
                0x08000eda        0x2 CMakeFiles/modbus.elf.dir/Drivers/STM32F4xx_HAL_Driver/Src/stm32f4xx_hal_adc.c.obj
                0x08000eda                HAL_ADC_ErrorCallback
 .text.ADC_DMAError
                0x08000edc       0x16 CMakeFiles/modbus.elf.dir/Drivers/STM32F4xx_HAL_Driver/Src/stm32f4xx_hal_adc.c.obj
 .text.ADC_DMAConvCplt
                0x08000ef2       0x72 CMakeFiles/modbus.elf.dir/Drivers/STM32F4xx_HAL_Driver/Src/stm32f4xx_hal_adc.c.obj
 .text.HAL_ADC_ConfigChannel
                0x08000f64      0x1ac CMakeFiles/modbus.elf.dir/Drivers/STM32F4xx_HAL_Driver/Src/stm32f4xx_hal_adc.c.obj
                0x08000f64                HAL_ADC_ConfigChannel
 .text.__NVIC_EnableIRQ
                0x08001110       0x1c CMakeFiles/modbus.elf.dir/Drivers/STM32F4xx_HAL_Driver/Src/stm32f4xx_hal_cortex.c.obj
 .text.__NVIC_SetPriority
                0x0800112c       0x28 CMakeFiles/modbus.elf.dir/Drivers/STM32F4xx_HAL_Driver/Src/stm32f4xx_hal_cortex.c.obj
 .text.NVIC_EncodePriority
                0x08001154       0x3e CMakeFiles/modbus.elf.dir/Drivers/STM32F4xx_HAL_Driver/Src/stm32f4xx_hal_cortex.c.obj
 *fill*         0x08001192        0x2 
 .text.HAL_NVIC_SetPriorityGrouping
                0x08001194       0x24 CMakeFiles/modbus.elf.dir/Drivers/STM32F4xx_HAL_Driver/Src/stm32f4xx_hal_cortex.c.obj
                0x08001194                HAL_NVIC_SetPriorityGrouping
 .text.HAL_NVIC_SetPriority
                0x080011b8       0x20 CMakeFiles/modbus.elf.dir/Drivers/STM32F4xx_HAL_Driver/Src/stm32f4xx_hal_cortex.c.obj
                0x080011b8                HAL_NVIC_SetPriority
 .text.HAL_NVIC_EnableIRQ
                0x080011d8        0x8 CMakeFiles/modbus.elf.dir/Drivers/STM32F4xx_HAL_Driver/Src/stm32f4xx_hal_cortex.c.obj
                0x080011d8                HAL_NVIC_EnableIRQ
 .text.HAL_SYSTICK_Config
                0x080011e0       0x28 CMakeFiles/modbus.elf.dir/Drivers/STM32F4xx_HAL_Driver/Src/stm32f4xx_hal_cortex.c.obj
                0x080011e0                HAL_SYSTICK_Config
 .text.DMA_SetConfig
                0x08001208       0x2c CMakeFiles/modbus.elf.dir/Drivers/STM32F4xx_HAL_Driver/Src/stm32f4xx_hal_dma.c.obj
 .text.DMA_CalcBaseAndBitshift
                0x08001234       0x38 CMakeFiles/modbus.elf.dir/Drivers/STM32F4xx_HAL_Driver/Src/stm32f4xx_hal_dma.c.obj
 .text.DMA_CheckFifoParam
                0x0800126c       0x8e CMakeFiles/modbus.elf.dir/Drivers/STM32F4xx_HAL_Driver/Src/stm32f4xx_hal_dma.c.obj
 *fill*         0x080012fa        0x2 
 .text.HAL_DMA_Init
                0x080012fc       0xcc CMakeFiles/modbus.elf.dir/Drivers/STM32F4xx_HAL_Driver/Src/stm32f4xx_hal_dma.c.obj
                0x080012fc                HAL_DMA_Init
 .text.HAL_DMA_Start_IT
                0x080013c8       0x6a CMakeFiles/modbus.elf.dir/Drivers/STM32F4xx_HAL_Driver/Src/stm32f4xx_hal_dma.c.obj
                0x080013c8                HAL_DMA_Start_IT
 .text.HAL_DMA_Abort
                0x08001432       0x94 CMakeFiles/modbus.elf.dir/Drivers/STM32F4xx_HAL_Driver/Src/stm32f4xx_hal_dma.c.obj
                0x08001432                HAL_DMA_Abort
 .text.HAL_DMA_Abort_IT
                0x080014c6       0x26 CMakeFiles/modbus.elf.dir/Drivers/STM32F4xx_HAL_Driver/Src/stm32f4xx_hal_dma.c.obj
                0x080014c6                HAL_DMA_Abort_IT
 .text.HAL_DMA_IRQHandler
                0x080014ec      0x1dc CMakeFiles/modbus.elf.dir/Drivers/STM32F4xx_HAL_Driver/Src/stm32f4xx_hal_dma.c.obj
                0x080014ec                HAL_DMA_IRQHandler
 .text.HAL_GPIO_Init
                0x080016c8      0x1d0 CMakeFiles/modbus.elf.dir/Drivers/STM32F4xx_HAL_Driver/Src/stm32f4xx_hal_gpio.c.obj
                0x080016c8                HAL_GPIO_Init
 .text.HAL_GPIO_WritePin
                0x08001898        0xc CMakeFiles/modbus.elf.dir/Drivers/STM32F4xx_HAL_Driver/Src/stm32f4xx_hal_gpio.c.obj
                0x08001898                HAL_GPIO_WritePin
 .text.HAL_RCC_OscConfig
                0x080018a4      0x3f8 CMakeFiles/modbus.elf.dir/Drivers/STM32F4xx_HAL_Driver/Src/stm32f4xx_hal_rcc.c.obj
                0x080018a4                HAL_RCC_OscConfig
 .text.HAL_RCC_GetSysClockFreq
                0x08001c9c       0xa8 CMakeFiles/modbus.elf.dir/Drivers/STM32F4xx_HAL_Driver/Src/stm32f4xx_hal_rcc.c.obj
                0x08001c9c                HAL_RCC_GetSysClockFreq
 .text.HAL_RCC_ClockConfig
                0x08001d44      0x160 CMakeFiles/modbus.elf.dir/Drivers/STM32F4xx_HAL_Driver/Src/stm32f4xx_hal_rcc.c.obj
                0x08001d44                HAL_RCC_ClockConfig
 .text.HAL_RCC_GetHCLKFreq
                0x08001ea4        0xc CMakeFiles/modbus.elf.dir/Drivers/STM32F4xx_HAL_Driver/Src/stm32f4xx_hal_rcc.c.obj
                0x08001ea4                HAL_RCC_GetHCLKFreq
 .text.HAL_RCC_GetPCLK1Freq
                0x08001eb0       0x20 CMakeFiles/modbus.elf.dir/Drivers/STM32F4xx_HAL_Driver/Src/stm32f4xx_hal_rcc.c.obj
                0x08001eb0                HAL_RCC_GetPCLK1Freq
 .text.HAL_RCC_GetPCLK2Freq
                0x08001ed0       0x20 CMakeFiles/modbus.elf.dir/Drivers/STM32F4xx_HAL_Driver/Src/stm32f4xx_hal_rcc.c.obj
                0x08001ed0                HAL_RCC_GetPCLK2Freq
 .text.TIM_Base_SetConfig
                0x08001ef0       0xac CMakeFiles/modbus.elf.dir/Drivers/STM32F4xx_HAL_Driver/Src/stm32f4xx_hal_tim.c.obj
                0x08001ef0                TIM_Base_SetConfig
 .text.HAL_TIM_Base_Init
                0x08001f9c       0x58 CMakeFiles/modbus.elf.dir/Drivers/STM32F4xx_HAL_Driver/Src/stm32f4xx_hal_tim.c.obj
                0x08001f9c                HAL_TIM_Base_Init
 .text.UART_EndTxTransfer
                0x08001ff4       0x20 CMakeFiles/modbus.elf.dir/Drivers/STM32F4xx_HAL_Driver/Src/stm32f4xx_hal_uart.c.obj
 .text.UART_EndRxTransfer
                0x08002014       0x5c CMakeFiles/modbus.elf.dir/Drivers/STM32F4xx_HAL_Driver/Src/stm32f4xx_hal_uart.c.obj
 .text.UART_Transmit_IT
                0x08002070       0x60 CMakeFiles/modbus.elf.dir/Drivers/STM32F4xx_HAL_Driver/Src/stm32f4xx_hal_uart.c.obj
 .text.UART_SetConfig
                0x080020d0      0x110 CMakeFiles/modbus.elf.dir/Drivers/STM32F4xx_HAL_Driver/Src/stm32f4xx_hal_uart.c.obj
 .text.UART_WaitOnFlagUntilTimeout
                0x080021e0       0x86 CMakeFiles/modbus.elf.dir/Drivers/STM32F4xx_HAL_Driver/Src/stm32f4xx_hal_uart.c.obj
 .text.HAL_UART_Init
                0x08002266       0x60 CMakeFiles/modbus.elf.dir/Drivers/STM32F4xx_HAL_Driver/Src/stm32f4xx_hal_uart.c.obj
                0x08002266                HAL_UART_Init
 .text.HAL_UART_Transmit
                0x080022c6       0xcc CMakeFiles/modbus.elf.dir/Drivers/STM32F4xx_HAL_Driver/Src/stm32f4xx_hal_uart.c.obj
                0x080022c6                HAL_UART_Transmit
 .text.HAL_UART_DMAStop
                0x08002392       0x84 CMakeFiles/modbus.elf.dir/Drivers/STM32F4xx_HAL_Driver/Src/stm32f4xx_hal_uart.c.obj
                0x08002392                HAL_UART_DMAStop
 .text.HAL_UART_TxCpltCallback
                0x08002416        0x2 CMakeFiles/modbus.elf.dir/Drivers/STM32F4xx_HAL_Driver/Src/stm32f4xx_hal_uart.c.obj
                0x08002416                HAL_UART_TxCpltCallback
 .text.UART_EndTransmit_IT
                0x08002418       0x1a CMakeFiles/modbus.elf.dir/Drivers/STM32F4xx_HAL_Driver/Src/stm32f4xx_hal_uart.c.obj
 .text.HAL_UART_RxCpltCallback
                0x08002432        0x2 CMakeFiles/modbus.elf.dir/Drivers/STM32F4xx_HAL_Driver/Src/stm32f4xx_hal_uart.c.obj
                0x08002432                HAL_UART_RxCpltCallback
 .text.HAL_UART_RxHalfCpltCallback
                0x08002434        0x2 CMakeFiles/modbus.elf.dir/Drivers/STM32F4xx_HAL_Driver/Src/stm32f4xx_hal_uart.c.obj
                0x08002434                HAL_UART_RxHalfCpltCallback
 .text.HAL_UART_ErrorCallback
                0x08002436        0x2 CMakeFiles/modbus.elf.dir/Drivers/STM32F4xx_HAL_Driver/Src/stm32f4xx_hal_uart.c.obj
                0x08002436                HAL_UART_ErrorCallback
 .text.UART_DMAError
                0x08002438       0x58 CMakeFiles/modbus.elf.dir/Drivers/STM32F4xx_HAL_Driver/Src/stm32f4xx_hal_uart.c.obj
 .text.UART_DMAAbortOnError
                0x08002490       0x10 CMakeFiles/modbus.elf.dir/Drivers/STM32F4xx_HAL_Driver/Src/stm32f4xx_hal_uart.c.obj
 .text.HAL_UARTEx_RxEventCallback
                0x080024a0        0x2 CMakeFiles/modbus.elf.dir/Drivers/STM32F4xx_HAL_Driver/Src/stm32f4xx_hal_uart.c.obj
                0x080024a0                HAL_UARTEx_RxEventCallback
 .text.UART_Receive_IT
                0x080024a2       0xe6 CMakeFiles/modbus.elf.dir/Drivers/STM32F4xx_HAL_Driver/Src/stm32f4xx_hal_uart.c.obj
 .text.HAL_UART_IRQHandler
                0x08002588      0x284 CMakeFiles/modbus.elf.dir/Drivers/STM32F4xx_HAL_Driver/Src/stm32f4xx_hal_uart.c.obj
                0x08002588                HAL_UART_IRQHandler
 .text.UART_DMARxHalfCplt
                0x0800280c       0x1e CMakeFiles/modbus.elf.dir/Drivers/STM32F4xx_HAL_Driver/Src/stm32f4xx_hal_uart.c.obj
 .text.UART_DMAReceiveCplt
                0x0800282a       0x9a CMakeFiles/modbus.elf.dir/Drivers/STM32F4xx_HAL_Driver/Src/stm32f4xx_hal_uart.c.obj
 .text.UART_Start_Receive_DMA
                0x080028c4       0xa4 CMakeFiles/modbus.elf.dir/Drivers/STM32F4xx_HAL_Driver/Src/stm32f4xx_hal_uart.c.obj
                0x080028c4                UART_Start_Receive_DMA
 .text.HAL_UART_Receive_DMA
                0x08002968       0x26 CMakeFiles/modbus.elf.dir/Drivers/STM32F4xx_HAL_Driver/Src/stm32f4xx_hal_uart.c.obj
                0x08002968                HAL_UART_Receive_DMA
 *fill*         0x0800298e        0x2 
 .text.__udivmoddi4
                0x08002990      0x2bc /Applications/ArmGNUToolchain/13.3.rel1/arm-none-eabi/bin/../lib/gcc/arm-none-eabi/13.3.1/thumb/v7e-m/nofp/libgcc.a(_udivmoddi4.o)
                0x08002990                __udivmoddi4
 .text.memset   0x08002c4c       0xa4 /Applications/ArmGNUToolchain/13.3.rel1/arm-none-eabi/bin/../lib/gcc/arm-none-eabi/13.3.1/../../../../arm-none-eabi/lib/thumb/v7e-m/nofp/libg.a(libc_a-memset.o)
                0x08002c4c                memset
 .text.__libc_init_array
                0x08002cf0       0x50 /Applications/ArmGNUToolchain/13.3.rel1/arm-none-eabi/bin/../lib/gcc/arm-none-eabi/13.3.1/../../../../arm-none-eabi/lib/thumb/v7e-m/nofp/libg.a(libc_a-init.o)
                0x08002cf0                __libc_init_array
 .text.__retarget_lock_acquire_recursive
                0x08002d40        0x4 /Applications/ArmGNUToolchain/13.3.rel1/arm-none-eabi/bin/../lib/gcc/arm-none-eabi/13.3.1/../../../../arm-none-eabi/lib/thumb/v7e-m/nofp/libg.a(libc_a-lock.o)
                0x08002d40                __retarget_lock_acquire_recursive
 .text.__retarget_lock_release_recursive
                0x08002d44        0x4 /Applications/ArmGNUToolchain/13.3.rel1/arm-none-eabi/bin/../lib/gcc/arm-none-eabi/13.3.1/../../../../arm-none-eabi/lib/thumb/v7e-m/nofp/libg.a(libc_a-lock.o)
                0x08002d44                __retarget_lock_release_recursive
 .text.startup.register_fini
                0x08002d48       0x14 /Applications/ArmGNUToolchain/13.3.rel1/arm-none-eabi/bin/../lib/gcc/arm-none-eabi/13.3.1/../../../../arm-none-eabi/lib/thumb/v7e-m/nofp/libg.a(libc_a-__call_atexit.o)
 .text.atexit   0x08002d5c        0xc /Applications/ArmGNUToolchain/13.3.rel1/arm-none-eabi/bin/../lib/gcc/arm-none-eabi/13.3.1/../../../../arm-none-eabi/lib/thumb/v7e-m/nofp/libg.a(libc_a-atexit.o)
                0x08002d5c                atexit
 .text.__libc_fini_array
                0x08002d68       0x28 /Applications/ArmGNUToolchain/13.3.rel1/arm-none-eabi/bin/../lib/gcc/arm-none-eabi/13.3.1/../../../../arm-none-eabi/lib/thumb/v7e-m/nofp/libg.a(libc_a-fini.o)
                0x08002d68                __libc_fini_array
 .text.__register_exitproc
                0x08002d90       0x80 /Applications/ArmGNUToolchain/13.3.rel1/arm-none-eabi/bin/../lib/gcc/arm-none-eabi/13.3.1/../../../../arm-none-eabi/lib/thumb/v7e-m/nofp/libg.a(libc_a-__atexit.o)
                0x08002d90                __register_exitproc
 *(.glue_7)
 .glue_7        0x08002e10        0x0 linker stubs
 *(.glue_7t)
 .glue_7t       0x08002e10        0x0 linker stubs
 *(.eh_frame)
 .eh_frame      0x08002e10        0x0 /Applications/ArmGNUToolchain/13.3.rel1/arm-none-eabi/bin/../lib/gcc/arm-none-eabi/13.3.1/thumb/v7e-m/nofp/crtbegin.o
 *(.init)
 .init          0x08002e10        0x4 /Applications/ArmGNUToolchain/13.3.rel1/arm-none-eabi/bin/../lib/gcc/arm-none-eabi/13.3.1/thumb/v7e-m/nofp/crti.o
                0x08002e10                _init
 .init          0x08002e14        0x8 /Applications/ArmGNUToolchain/13.3.rel1/arm-none-eabi/bin/../lib/gcc/arm-none-eabi/13.3.1/thumb/v7e-m/nofp/crtn.o
 *(.fini)
 .fini          0x08002e1c        0x4 /Applications/ArmGNUToolchain/13.3.rel1/arm-none-eabi/bin/../lib/gcc/arm-none-eabi/13.3.1/thumb/v7e-m/nofp/crti.o
                0x08002e1c                _fini
 .fini          0x08002e20        0x8 /Applications/ArmGNUToolchain/13.3.rel1/arm-none-eabi/bin/../lib/gcc/arm-none-eabi/13.3.1/thumb/v7e-m/nofp/crtn.o
                0x08002e28                        . = ALIGN (0x4)
                0x08002e28                        _etext = .

.vfp11_veneer   0x08002e28        0x0
 .vfp11_veneer  0x08002e28        0x0 linker stubs

.v4_bx          0x08002e28        0x0
 .v4_bx         0x08002e28        0x0 linker stubs

.iplt           0x08002e28        0x0
 .iplt          0x08002e28        0x0 /Applications/ArmGNUToolchain/13.3.rel1/arm-none-eabi/bin/../lib/gcc/arm-none-eabi/13.3.1/thumb/v7e-m/nofp/crtbegin.o

.rodata         0x08002e28       0x20
                0x08002e28                        . = ALIGN (0x4)
 *(.rodata)
 *(.rodata*)
 .rodata.APBPrescTable
                0x08002e28        0x8 CMakeFiles/modbus.elf.dir/Core/Src/system_stm32f4xx.c.obj
                0x08002e28                APBPrescTable
 .rodata.AHBPrescTable
                0x08002e30       0x10 CMakeFiles/modbus.elf.dir/Core/Src/system_stm32f4xx.c.obj
                0x08002e30                AHBPrescTable
 .rodata.flagBitshiftOffset.0
                0x08002e40        0x8 CMakeFiles/modbus.elf.dir/Drivers/STM32F4xx_HAL_Driver/Src/stm32f4xx_hal_dma.c.obj
                0x08002e48                        . = ALIGN (0x4)

.ARM.extab      0x08002e48        0x0
                0x08002e48                        . = ALIGN (0x4)
 *(.ARM.extab* .gnu.linkonce.armextab.*)
                0x08002e48                        . = ALIGN (0x4)

.ARM            0x08002e48        0x8
                0x08002e48                        . = ALIGN (0x4)
                0x08002e48                        __exidx_start = .
 *(.ARM.exidx*)
 .ARM.exidx.text.__udivmoddi4
                0x08002e48        0x8 /Applications/ArmGNUToolchain/13.3.rel1/arm-none-eabi/bin/../lib/gcc/arm-none-eabi/13.3.1/thumb/v7e-m/nofp/libgcc.a(_udivmoddi4.o)
                0x08002e50                        __exidx_end = .
                0x08002e50                        . = ALIGN (0x4)

.preinit_array  0x08002e50        0x0
                0x08002e50                        . = ALIGN (0x4)
                0x08002e50                        PROVIDE (__preinit_array_start = .)
 *(.preinit_array*)
                0x08002e50                        PROVIDE (__preinit_array_end = .)
                0x08002e50                        . = ALIGN (0x4)

.init_array     0x08002e50        0x8
                0x08002e50                        . = ALIGN (0x4)
                0x08002e50                        PROVIDE (__init_array_start = .)
 *(SORT_BY_NAME(.init_array.*))
 .init_array.00000
                0x08002e50        0x4 /Applications/ArmGNUToolchain/13.3.rel1/arm-none-eabi/bin/../lib/gcc/arm-none-eabi/13.3.1/../../../../arm-none-eabi/lib/thumb/v7e-m/nofp/libg.a(libc_a-__call_atexit.o)
 *(.init_array*)
 .init_array    0x08002e54        0x4 /Applications/ArmGNUToolchain/13.3.rel1/arm-none-eabi/bin/../lib/gcc/arm-none-eabi/13.3.1/thumb/v7e-m/nofp/crtbegin.o
                0x08002e58                        PROVIDE (__init_array_end = .)
                0x08002e58                        . = ALIGN (0x4)

.fini_array     0x08002e58        0x4
                0x08002e58                        . = ALIGN (0x4)
                0x08002e58                        PROVIDE (__fini_array_start = .)
 *(SORT_BY_NAME(.fini_array.*))
 *(.fini_array*)
 .fini_array    0x08002e58        0x4 /Applications/ArmGNUToolchain/13.3.rel1/arm-none-eabi/bin/../lib/gcc/arm-none-eabi/13.3.1/thumb/v7e-m/nofp/crtbegin.o
                0x08002e5c                        PROVIDE (__fini_array_end = .)
                0x08002e5c                        . = ALIGN (0x4)
                0x08002e5c                        _sidata = LOADADDR (.data)

.rel.dyn        0x08002e5c        0x0
 .rel.iplt      0x08002e5c        0x0 /Applications/ArmGNUToolchain/13.3.rel1/arm-none-eabi/bin/../lib/gcc/arm-none-eabi/13.3.1/thumb/v7e-m/nofp/crtbegin.o

.data           0x20000000       0x10 load address 0x08002e5c
                0x20000000                        . = ALIGN (0x4)
                0x20000000                        _sdata = .
 *(.data)
 *(.data*)
 .data.SystemCoreClock
                0x20000000        0x4 CMakeFiles/modbus.elf.dir/Core/Src/system_stm32f4xx.c.obj
                0x20000000                SystemCoreClock
 .data.uwTickFreq
                0x20000004        0x1 CMakeFiles/modbus.elf.dir/Drivers/STM32F4xx_HAL_Driver/Src/stm32f4xx_hal.c.obj
                0x20000004                uwTickFreq
 *fill*         0x20000005        0x3 
 .data.uwTickPrio
                0x20000008        0x4 CMakeFiles/modbus.elf.dir/Drivers/STM32F4xx_HAL_Driver/Src/stm32f4xx_hal.c.obj
                0x20000008                uwTickPrio
 .data.__atexit_recursive_mutex
                0x2000000c        0x4 /Applications/ArmGNUToolchain/13.3.rel1/arm-none-eabi/bin/../lib/gcc/arm-none-eabi/13.3.1/../../../../arm-none-eabi/lib/thumb/v7e-m/nofp/libg.a(libc_a-__call_atexit.o)
                0x2000000c                __atexit_recursive_mutex
 *(.RamFunc)
 *(.RamFunc*)
                0x20000010                        . = ALIGN (0x4)
                0x20000010                        _edata = .

.tm_clone_table
                0x20000010        0x0 load address 0x08002e6c
 .tm_clone_table
                0x20000010        0x0 /Applications/ArmGNUToolchain/13.3.rel1/arm-none-eabi/bin/../lib/gcc/arm-none-eabi/13.3.1/thumb/v7e-m/nofp/crtbegin.o
 .tm_clone_table
                0x20000010        0x0 /Applications/ArmGNUToolchain/13.3.rel1/arm-none-eabi/bin/../lib/gcc/arm-none-eabi/13.3.1/thumb/v7e-m/nofp/crtend.o

.igot.plt       0x20000010        0x0 load address 0x08002e6c
 .igot.plt      0x20000010        0x0 /Applications/ArmGNUToolchain/13.3.rel1/arm-none-eabi/bin/../lib/gcc/arm-none-eabi/13.3.1/thumb/v7e-m/nofp/crtbegin.o
                0x20000010                        . = ALIGN (0x4)

.bss            0x20000010      0x46c load address 0x08002e6c
                0x20000010                        _sbss = .
                0x20000010                        __bss_start__ = _sbss
 *(.bss)
 *(.bss*)
 .bss.completed.1
                0x20000010        0x1 /Applications/ArmGNUToolchain/13.3.rel1/arm-none-eabi/bin/../lib/gcc/arm-none-eabi/13.3.1/thumb/v7e-m/nofp/crtbegin.o
 *fill*         0x20000011        0x3 
 .bss.object.0  0x20000014       0x18 /Applications/ArmGNUToolchain/13.3.rel1/arm-none-eabi/bin/../lib/gcc/arm-none-eabi/13.3.1/thumb/v7e-m/nofp/crtbegin.o
 .bss.hdma_adc1
                0x2000002c       0x60 CMakeFiles/modbus.elf.dir/Core/Src/adc.c.obj
                0x2000002c                hdma_adc1
 .bss.hadc1     0x2000008c       0x48 CMakeFiles/modbus.elf.dir/Core/Src/adc.c.obj
                0x2000008c                hadc1
 .bss.coils     0x200000d4        0x3 CMakeFiles/modbus.elf.dir/Core/Src/main.c.obj
                0x200000d4                coils
 *fill*         0x200000d7        0x1 
 .bss.modbusRxBuffer
                0x200000d8      0x100 CMakeFiles/modbus.elf.dir/Core/Src/main.c.obj
                0x200000d8                modbusRxBuffer
 .bss.inputregister
                0x200001d8       0x16 CMakeFiles/modbus.elf.dir/Core/Src/main.c.obj
                0x200001d8                inputregister
 *fill*         0x200001ee        0x2 
 .bss.htim10    0x200001f0       0x48 CMakeFiles/modbus.elf.dir/Core/Src/tim.c.obj
                0x200001f0                htim10
 .bss.hdma_usart1_rx
                0x20000238       0x60 CMakeFiles/modbus.elf.dir/Core/Src/usart.c.obj
                0x20000238                hdma_usart1_rx
 .bss.huart1    0x20000298       0x48 CMakeFiles/modbus.elf.dir/Core/Src/usart.c.obj
                0x20000298                huart1
 .bss.uwTick    0x200002e0        0x4 CMakeFiles/modbus.elf.dir/Drivers/STM32F4xx_HAL_Driver/Src/stm32f4xx_hal.c.obj
                0x200002e0                uwTick
 .bss.__lock___atexit_recursive_mutex
                0x200002e4        0x1 /Applications/ArmGNUToolchain/13.3.rel1/arm-none-eabi/bin/../lib/gcc/arm-none-eabi/13.3.1/../../../../arm-none-eabi/lib/thumb/v7e-m/nofp/libg.a(libc_a-lock.o)
                0x200002e4                __lock___atexit_recursive_mutex
 *fill*         0x200002e5        0x3 
 .bss.__atexit  0x200002e8        0x4 /Applications/ArmGNUToolchain/13.3.rel1/arm-none-eabi/bin/../lib/gcc/arm-none-eabi/13.3.1/../../../../arm-none-eabi/lib/thumb/v7e-m/nofp/libg.a(libc_a-__call_atexit.o)
                0x200002e8                __atexit
 .bss.__atexit0
                0x200002ec      0x190 /Applications/ArmGNUToolchain/13.3.rel1/arm-none-eabi/bin/../lib/gcc/arm-none-eabi/13.3.1/../../../../arm-none-eabi/lib/thumb/v7e-m/nofp/libg.a(libc_a-__atexit.o)
                0x200002ec                __atexit0
 *(COMMON)
                0x2000047c                        . = ALIGN (0x4)
                0x2000047c                        _ebss = .
                0x2000047c                        __bss_end__ = _ebss

._user_heap_stack
                0x2000047c      0x604 load address 0x08002e6c
                0x20000480                        . = ALIGN (0x8)
 *fill*         0x2000047c        0x4 
                [!provide]                        PROVIDE (end = .)
                0x20000480                        PROVIDE (_end = .)
                0x20000680                        . = (. + _Min_Heap_Size)
 *fill*         0x20000480      0x200 
                0x20000a80                        . = (. + _Min_Stack_Size)
 *fill*         0x20000680      0x400 
                0x20000a80                        . = ALIGN (0x8)

/DISCARD/
 libc.a(*)
 libm.a(*)
 libgcc.a(*)

.ARM.attributes
                0x00000000       0x2a
 *(.ARM.attributes)
 .ARM.attributes
                0x00000000       0x1e /Applications/ArmGNUToolchain/13.3.rel1/arm-none-eabi/bin/../lib/gcc/arm-none-eabi/13.3.1/thumb/v7e-m/nofp/crti.o
 .ARM.attributes
                0x0000001e       0x2e /Applications/ArmGNUToolchain/13.3.rel1/arm-none-eabi/bin/../lib/gcc/arm-none-eabi/13.3.1/thumb/v7e-m/nofp/crtbegin.o
 .ARM.attributes
                0x0000004c       0x2e CMakeFiles/modbus.elf.dir/Core/Src/adc.c.obj
 .ARM.attributes
                0x0000007a       0x2e CMakeFiles/modbus.elf.dir/Core/Src/crc.c.obj
 .ARM.attributes
                0x000000a8       0x2e CMakeFiles/modbus.elf.dir/Core/Src/dma.c.obj
 .ARM.attributes
                0x000000d6       0x2e CMakeFiles/modbus.elf.dir/Core/Src/gpio.c.obj
 .ARM.attributes
                0x00000104       0x2e CMakeFiles/modbus.elf.dir/Core/Src/main.c.obj
 .ARM.attributes
                0x00000132       0x2e CMakeFiles/modbus.elf.dir/Core/Src/modbus.c.obj
 .ARM.attributes
                0x00000160       0x2e CMakeFiles/modbus.elf.dir/Core/Src/stm32f4xx_hal_msp.c.obj
 .ARM.attributes
                0x0000018e       0x2e CMakeFiles/modbus.elf.dir/Core/Src/stm32f4xx_it.c.obj
 .ARM.attributes
                0x000001bc       0x2e CMakeFiles/modbus.elf.dir/Core/Src/system_stm32f4xx.c.obj
 .ARM.attributes
                0x000001ea       0x2e CMakeFiles/modbus.elf.dir/Core/Src/tim.c.obj
 .ARM.attributes
                0x00000218       0x2e CMakeFiles/modbus.elf.dir/Core/Src/usart.c.obj
 .ARM.attributes
                0x00000246       0x21 CMakeFiles/modbus.elf.dir/Core/Startup/startup_stm32f411ceux.s.obj
 .ARM.attributes
                0x00000267       0x2e CMakeFiles/modbus.elf.dir/Drivers/STM32F4xx_HAL_Driver/Src/stm32f4xx_hal.c.obj
 .ARM.attributes
                0x00000295       0x2e CMakeFiles/modbus.elf.dir/Drivers/STM32F4xx_HAL_Driver/Src/stm32f4xx_hal_adc.c.obj
 .ARM.attributes
                0x000002c3       0x2e CMakeFiles/modbus.elf.dir/Drivers/STM32F4xx_HAL_Driver/Src/stm32f4xx_hal_cortex.c.obj
 .ARM.attributes
                0x000002f1       0x2e CMakeFiles/modbus.elf.dir/Drivers/STM32F4xx_HAL_Driver/Src/stm32f4xx_hal_dma.c.obj
 .ARM.attributes
                0x0000031f       0x2e CMakeFiles/modbus.elf.dir/Drivers/STM32F4xx_HAL_Driver/Src/stm32f4xx_hal_gpio.c.obj
 .ARM.attributes
                0x0000034d       0x2e CMakeFiles/modbus.elf.dir/Drivers/STM32F4xx_HAL_Driver/Src/stm32f4xx_hal_rcc.c.obj
 .ARM.attributes
                0x0000037b       0x2e CMakeFiles/modbus.elf.dir/Drivers/STM32F4xx_HAL_Driver/Src/stm32f4xx_hal_tim.c.obj
 .ARM.attributes
                0x000003a9       0x2e CMakeFiles/modbus.elf.dir/Drivers/STM32F4xx_HAL_Driver/Src/stm32f4xx_hal_uart.c.obj
 .ARM.attributes
                0x000003d7       0x1e /Applications/ArmGNUToolchain/13.3.rel1/arm-none-eabi/bin/../lib/gcc/arm-none-eabi/13.3.1/thumb/v7e-m/nofp/libgcc.a(_aeabi_uldivmod.o)
 .ARM.attributes
                0x000003f5       0x2e /Applications/ArmGNUToolchain/13.3.rel1/arm-none-eabi/bin/../lib/gcc/arm-none-eabi/13.3.1/thumb/v7e-m/nofp/libgcc.a(_udivmoddi4.o)
 .ARM.attributes
                0x00000423       0x1e /Applications/ArmGNUToolchain/13.3.rel1/arm-none-eabi/bin/../lib/gcc/arm-none-eabi/13.3.1/thumb/v7e-m/nofp/libgcc.a(_dvmd_tls.o)
 .ARM.attributes
                0x00000441       0x2e /Applications/ArmGNUToolchain/13.3.rel1/arm-none-eabi/bin/../lib/gcc/arm-none-eabi/13.3.1/../../../../arm-none-eabi/lib/thumb/v7e-m/nofp/libg.a(libc_a-memset.o)
 .ARM.attributes
                0x0000046f       0x2e /Applications/ArmGNUToolchain/13.3.rel1/arm-none-eabi/bin/../lib/gcc/arm-none-eabi/13.3.1/../../../../arm-none-eabi/lib/thumb/v7e-m/nofp/libg.a(libc_a-init.o)
 .ARM.attributes
                0x0000049d       0x2e /Applications/ArmGNUToolchain/13.3.rel1/arm-none-eabi/bin/../lib/gcc/arm-none-eabi/13.3.1/../../../../arm-none-eabi/lib/thumb/v7e-m/nofp/libg.a(libc_a-lock.o)
 .ARM.attributes
                0x000004cb       0x2e /Applications/ArmGNUToolchain/13.3.rel1/arm-none-eabi/bin/../lib/gcc/arm-none-eabi/13.3.1/../../../../arm-none-eabi/lib/thumb/v7e-m/nofp/libg.a(libc_a-__call_atexit.o)
 .ARM.attributes
                0x000004f9       0x2e /Applications/ArmGNUToolchain/13.3.rel1/arm-none-eabi/bin/../lib/gcc/arm-none-eabi/13.3.1/../../../../arm-none-eabi/lib/thumb/v7e-m/nofp/libg.a(libc_a-atexit.o)
 .ARM.attributes
                0x00000527       0x2e /Applications/ArmGNUToolchain/13.3.rel1/arm-none-eabi/bin/../lib/gcc/arm-none-eabi/13.3.1/../../../../arm-none-eabi/lib/thumb/v7e-m/nofp/libg.a(libc_a-fini.o)
 .ARM.attributes
                0x00000555       0x2e /Applications/ArmGNUToolchain/13.3.rel1/arm-none-eabi/bin/../lib/gcc/arm-none-eabi/13.3.1/../../../../arm-none-eabi/lib/thumb/v7e-m/nofp/libg.a(libc_a-__atexit.o)
 .ARM.attributes
                0x00000583       0x2e /Applications/ArmGNUToolchain/13.3.rel1/arm-none-eabi/bin/../lib/gcc/arm-none-eabi/13.3.1/thumb/v7e-m/nofp/crtend.o
 .ARM.attributes
                0x000005b1       0x1e /Applications/ArmGNUToolchain/13.3.rel1/arm-none-eabi/bin/../lib/gcc/arm-none-eabi/13.3.1/thumb/v7e-m/nofp/crtn.o
OUTPUT(modbus.elf elf32-littlearm)
LOAD linker stubs
LOAD /Applications/ArmGNUToolchain/13.3.rel1/arm-none-eabi/bin/../lib/gcc/arm-none-eabi/13.3.1/../../../../arm-none-eabi/lib/thumb/v7e-m/nofp/libc.a
LOAD /Applications/ArmGNUToolchain/13.3.rel1/arm-none-eabi/bin/../lib/gcc/arm-none-eabi/13.3.1/../../../../arm-none-eabi/lib/thumb/v7e-m/nofp/libm.a
LOAD /Applications/ArmGNUToolchain/13.3.rel1/arm-none-eabi/bin/../lib/gcc/arm-none-eabi/13.3.1/thumb/v7e-m/nofp/libgcc.a

.debug_info     0x00000000    0x112ab
 .debug_info    0x00000000      0xc8a CMakeFiles/modbus.elf.dir/Core/Src/adc.c.obj
 .debug_info    0x00000c8a      0x123 CMakeFiles/modbus.elf.dir/Core/Src/crc.c.obj
 .debug_info    0x00000dad      0x4a9 CMakeFiles/modbus.elf.dir/Core/Src/dma.c.obj
 .debug_info    0x00001256      0x46a CMakeFiles/modbus.elf.dir/Core/Src/gpio.c.obj
 .debug_info    0x000016c0     0x10a2 CMakeFiles/modbus.elf.dir/Core/Src/main.c.obj
 .debug_info    0x00002762      0x8fc CMakeFiles/modbus.elf.dir/Core/Src/modbus.c.obj
 .debug_info    0x0000305e      0x28d CMakeFiles/modbus.elf.dir/Core/Src/stm32f4xx_hal_msp.c.obj
 .debug_info    0x000032eb      0x6d7 CMakeFiles/modbus.elf.dir/Core/Src/stm32f4xx_it.c.obj
 .debug_info    0x000039c2      0x35c CMakeFiles/modbus.elf.dir/Core/Src/system_stm32f4xx.c.obj
 .debug_info    0x00003d1e      0x8f7 CMakeFiles/modbus.elf.dir/Core/Src/tim.c.obj
 .debug_info    0x00004615      0xc3e CMakeFiles/modbus.elf.dir/Core/Src/usart.c.obj
 .debug_info    0x00005253       0x30 CMakeFiles/modbus.elf.dir/Core/Startup/startup_stm32f411ceux.s.obj
 .debug_info    0x00005283      0x962 CMakeFiles/modbus.elf.dir/Drivers/STM32F4xx_HAL_Driver/Src/stm32f4xx_hal.c.obj
 .debug_info    0x00005be5      0xe7f CMakeFiles/modbus.elf.dir/Drivers/STM32F4xx_HAL_Driver/Src/stm32f4xx_hal_adc.c.obj
 .debug_info    0x00006a64      0xf32 CMakeFiles/modbus.elf.dir/Drivers/STM32F4xx_HAL_Driver/Src/stm32f4xx_hal_cortex.c.obj
 .debug_info    0x00007996      0xad8 CMakeFiles/modbus.elf.dir/Drivers/STM32F4xx_HAL_Driver/Src/stm32f4xx_hal_dma.c.obj
 .debug_info    0x0000846e      0x73a CMakeFiles/modbus.elf.dir/Drivers/STM32F4xx_HAL_Driver/Src/stm32f4xx_hal_gpio.c.obj
 .debug_info    0x00008ba8      0xab0 CMakeFiles/modbus.elf.dir/Drivers/STM32F4xx_HAL_Driver/Src/stm32f4xx_hal_rcc.c.obj
 .debug_info    0x00009658     0x3c4c CMakeFiles/modbus.elf.dir/Drivers/STM32F4xx_HAL_Driver/Src/stm32f4xx_hal_tim.c.obj
 .debug_info    0x0000d2a4     0x4007 CMakeFiles/modbus.elf.dir/Drivers/STM32F4xx_HAL_Driver/Src/stm32f4xx_hal_uart.c.obj

.debug_abbrev   0x00000000     0x270e
 .debug_abbrev  0x00000000      0x219 CMakeFiles/modbus.elf.dir/Core/Src/adc.c.obj
 .debug_abbrev  0x00000219       0xa0 CMakeFiles/modbus.elf.dir/Core/Src/crc.c.obj
 .debug_abbrev  0x000002b9      0x12b CMakeFiles/modbus.elf.dir/Core/Src/dma.c.obj
 .debug_abbrev  0x000003e4      0x163 CMakeFiles/modbus.elf.dir/Core/Src/gpio.c.obj
 .debug_abbrev  0x00000547      0x287 CMakeFiles/modbus.elf.dir/Core/Src/main.c.obj
 .debug_abbrev  0x000007ce      0x1f5 CMakeFiles/modbus.elf.dir/Core/Src/modbus.c.obj
 .debug_abbrev  0x000009c3       0xd6 CMakeFiles/modbus.elf.dir/Core/Src/stm32f4xx_hal_msp.c.obj
 .debug_abbrev  0x00000a99      0x1a1 CMakeFiles/modbus.elf.dir/Core/Src/stm32f4xx_it.c.obj
 .debug_abbrev  0x00000c3a      0x120 CMakeFiles/modbus.elf.dir/Core/Src/system_stm32f4xx.c.obj
 .debug_abbrev  0x00000d5a      0x1fd CMakeFiles/modbus.elf.dir/Core/Src/tim.c.obj
 .debug_abbrev  0x00000f57      0x249 CMakeFiles/modbus.elf.dir/Core/Src/usart.c.obj
 .debug_abbrev  0x000011a0       0x24 CMakeFiles/modbus.elf.dir/Core/Startup/startup_stm32f411ceux.s.obj
 .debug_abbrev  0x000011c4      0x277 CMakeFiles/modbus.elf.dir/Drivers/STM32F4xx_HAL_Driver/Src/stm32f4xx_hal.c.obj
 .debug_abbrev  0x0000143b      0x234 CMakeFiles/modbus.elf.dir/Drivers/STM32F4xx_HAL_Driver/Src/stm32f4xx_hal_adc.c.obj
 .debug_abbrev  0x0000166f      0x39c CMakeFiles/modbus.elf.dir/Drivers/STM32F4xx_HAL_Driver/Src/stm32f4xx_hal_cortex.c.obj
 .debug_abbrev  0x00001a0b      0x27d CMakeFiles/modbus.elf.dir/Drivers/STM32F4xx_HAL_Driver/Src/stm32f4xx_hal_dma.c.obj
 .debug_abbrev  0x00001c88      0x201 CMakeFiles/modbus.elf.dir/Drivers/STM32F4xx_HAL_Driver/Src/stm32f4xx_hal_gpio.c.obj
 .debug_abbrev  0x00001e89      0x2c5 CMakeFiles/modbus.elf.dir/Drivers/STM32F4xx_HAL_Driver/Src/stm32f4xx_hal_rcc.c.obj
 .debug_abbrev  0x0000214e      0x284 CMakeFiles/modbus.elf.dir/Drivers/STM32F4xx_HAL_Driver/Src/stm32f4xx_hal_tim.c.obj
 .debug_abbrev  0x000023d2      0x33c CMakeFiles/modbus.elf.dir/Drivers/STM32F4xx_HAL_Driver/Src/stm32f4xx_hal_uart.c.obj

.debug_loclists
                0x00000000     0x885a
 .debug_loclists
                0x00000000       0x5c CMakeFiles/modbus.elf.dir/Core/Src/adc.c.obj
 .debug_loclists
                0x0000005c       0x72 CMakeFiles/modbus.elf.dir/Core/Src/crc.c.obj
 .debug_loclists
                0x000000ce       0x4e CMakeFiles/modbus.elf.dir/Core/Src/main.c.obj
 .debug_loclists
                0x0000011c      0x2b4 CMakeFiles/modbus.elf.dir/Core/Src/modbus.c.obj
 .debug_loclists
                0x000003d0       0xfa CMakeFiles/modbus.elf.dir/Core/Src/system_stm32f4xx.c.obj
 .debug_loclists
                0x000004ca       0x5c CMakeFiles/modbus.elf.dir/Core/Src/usart.c.obj
 .debug_loclists
                0x00000526       0xe1 CMakeFiles/modbus.elf.dir/Drivers/STM32F4xx_HAL_Driver/Src/stm32f4xx_hal.c.obj
 .debug_loclists
                0x00000607      0x8af CMakeFiles/modbus.elf.dir/Drivers/STM32F4xx_HAL_Driver/Src/stm32f4xx_hal_adc.c.obj
 .debug_loclists
                0x00000eb6      0x54d CMakeFiles/modbus.elf.dir/Drivers/STM32F4xx_HAL_Driver/Src/stm32f4xx_hal_cortex.c.obj
 .debug_loclists
                0x00001403      0x88a CMakeFiles/modbus.elf.dir/Drivers/STM32F4xx_HAL_Driver/Src/stm32f4xx_hal_dma.c.obj
 .debug_loclists
                0x00001c8d      0x386 CMakeFiles/modbus.elf.dir/Drivers/STM32F4xx_HAL_Driver/Src/stm32f4xx_hal_gpio.c.obj
 .debug_loclists
                0x00002013      0x3e5 CMakeFiles/modbus.elf.dir/Drivers/STM32F4xx_HAL_Driver/Src/stm32f4xx_hal_rcc.c.obj
 .debug_loclists
                0x000023f8     0x37d9 CMakeFiles/modbus.elf.dir/Drivers/STM32F4xx_HAL_Driver/Src/stm32f4xx_hal_tim.c.obj
 .debug_loclists
                0x00005bd1     0x2c89 CMakeFiles/modbus.elf.dir/Drivers/STM32F4xx_HAL_Driver/Src/stm32f4xx_hal_uart.c.obj

.debug_aranges  0x00000000      0xc48
 .debug_aranges
                0x00000000       0x30 CMakeFiles/modbus.elf.dir/Core/Src/adc.c.obj
 .debug_aranges
                0x00000030       0x20 CMakeFiles/modbus.elf.dir/Core/Src/crc.c.obj
 .debug_aranges
                0x00000050       0x20 CMakeFiles/modbus.elf.dir/Core/Src/dma.c.obj
 .debug_aranges
                0x00000070       0x20 CMakeFiles/modbus.elf.dir/Core/Src/gpio.c.obj
 .debug_aranges
                0x00000090       0x40 CMakeFiles/modbus.elf.dir/Core/Src/main.c.obj
 .debug_aranges
                0x000000d0       0x28 CMakeFiles/modbus.elf.dir/Core/Src/modbus.c.obj
 .debug_aranges
                0x000000f8       0x20 CMakeFiles/modbus.elf.dir/Core/Src/stm32f4xx_hal_msp.c.obj
 .debug_aranges
                0x00000118       0x78 CMakeFiles/modbus.elf.dir/Core/Src/stm32f4xx_it.c.obj
 .debug_aranges
                0x00000190       0x28 CMakeFiles/modbus.elf.dir/Core/Src/system_stm32f4xx.c.obj
 .debug_aranges
                0x000001b8       0x30 CMakeFiles/modbus.elf.dir/Core/Src/tim.c.obj
 .debug_aranges
                0x000001e8       0x30 CMakeFiles/modbus.elf.dir/Core/Src/usart.c.obj
 .debug_aranges
                0x00000218       0x28 CMakeFiles/modbus.elf.dir/Core/Startup/startup_stm32f411ceux.s.obj
 .debug_aranges
                0x00000240       0xf0 CMakeFiles/modbus.elf.dir/Drivers/STM32F4xx_HAL_Driver/Src/stm32f4xx_hal.c.obj
 .debug_aranges
                0x00000330       0xe8 CMakeFiles/modbus.elf.dir/Drivers/STM32F4xx_HAL_Driver/Src/stm32f4xx_hal_adc.c.obj
 .debug_aranges
                0x00000418       0xe8 CMakeFiles/modbus.elf.dir/Drivers/STM32F4xx_HAL_Driver/Src/stm32f4xx_hal_cortex.c.obj
 .debug_aranges
                0x00000500       0x90 CMakeFiles/modbus.elf.dir/Drivers/STM32F4xx_HAL_Driver/Src/stm32f4xx_hal_dma.c.obj
 .debug_aranges
                0x00000590       0x58 CMakeFiles/modbus.elf.dir/Drivers/STM32F4xx_HAL_Driver/Src/stm32f4xx_hal_gpio.c.obj
 .debug_aranges
                0x000005e8       0x88 CMakeFiles/modbus.elf.dir/Drivers/STM32F4xx_HAL_Driver/Src/stm32f4xx_hal_rcc.c.obj
 .debug_aranges
                0x00000670      0x3d0 CMakeFiles/modbus.elf.dir/Drivers/STM32F4xx_HAL_Driver/Src/stm32f4xx_hal_tim.c.obj
 .debug_aranges
                0x00000a40      0x208 CMakeFiles/modbus.elf.dir/Drivers/STM32F4xx_HAL_Driver/Src/stm32f4xx_hal_uart.c.obj

.debug_rnglists
                0x00000000      0x973
 .debug_rnglists
                0x00000000       0x21 CMakeFiles/modbus.elf.dir/Core/Src/adc.c.obj
 .debug_rnglists
                0x00000021       0x2b CMakeFiles/modbus.elf.dir/Core/Src/crc.c.obj
 .debug_rnglists
                0x0000004c       0x13 CMakeFiles/modbus.elf.dir/Core/Src/dma.c.obj
 .debug_rnglists
                0x0000005f       0x14 CMakeFiles/modbus.elf.dir/Core/Src/gpio.c.obj
 .debug_rnglists
                0x00000073       0x38 CMakeFiles/modbus.elf.dir/Core/Src/main.c.obj
 .debug_rnglists
                0x000000ab       0x26 CMakeFiles/modbus.elf.dir/Core/Src/modbus.c.obj
 .debug_rnglists
                0x000000d1       0x13 CMakeFiles/modbus.elf.dir/Core/Src/stm32f4xx_hal_msp.c.obj
 .debug_rnglists
                0x000000e4       0x55 CMakeFiles/modbus.elf.dir/Core/Src/stm32f4xx_it.c.obj
 .debug_rnglists
                0x00000139       0x1a CMakeFiles/modbus.elf.dir/Core/Src/system_stm32f4xx.c.obj
 .debug_rnglists
                0x00000153       0x1f CMakeFiles/modbus.elf.dir/Core/Src/tim.c.obj
 .debug_rnglists
                0x00000172       0x20 CMakeFiles/modbus.elf.dir/Core/Src/usart.c.obj
 .debug_rnglists
                0x00000192       0x19 CMakeFiles/modbus.elf.dir/Core/Startup/startup_stm32f411ceux.s.obj
 .debug_rnglists
                0x000001ab       0xaf CMakeFiles/modbus.elf.dir/Drivers/STM32F4xx_HAL_Driver/Src/stm32f4xx_hal.c.obj
 .debug_rnglists
                0x0000025a       0xb0 CMakeFiles/modbus.elf.dir/Drivers/STM32F4xx_HAL_Driver/Src/stm32f4xx_hal_adc.c.obj
 .debug_rnglists
                0x0000030a       0xa9 CMakeFiles/modbus.elf.dir/Drivers/STM32F4xx_HAL_Driver/Src/stm32f4xx_hal_cortex.c.obj
 .debug_rnglists
                0x000003b3       0x6c CMakeFiles/modbus.elf.dir/Drivers/STM32F4xx_HAL_Driver/Src/stm32f4xx_hal_dma.c.obj
 .debug_rnglists
                0x0000041f       0x3f CMakeFiles/modbus.elf.dir/Drivers/STM32F4xx_HAL_Driver/Src/stm32f4xx_hal_gpio.c.obj
 .debug_rnglists
                0x0000045e       0x75 CMakeFiles/modbus.elf.dir/Drivers/STM32F4xx_HAL_Driver/Src/stm32f4xx_hal_rcc.c.obj
 .debug_rnglists
                0x000004d3      0x2ff CMakeFiles/modbus.elf.dir/Drivers/STM32F4xx_HAL_Driver/Src/stm32f4xx_hal_tim.c.obj
 .debug_rnglists
                0x000007d2      0x1a1 CMakeFiles/modbus.elf.dir/Drivers/STM32F4xx_HAL_Driver/Src/stm32f4xx_hal_uart.c.obj

.debug_line     0x00000000     0xde13
 .debug_line    0x00000000      0x56c CMakeFiles/modbus.elf.dir/Core/Src/adc.c.obj
 .debug_line    0x0000056c      0x18b CMakeFiles/modbus.elf.dir/Core/Src/crc.c.obj
 .debug_line    0x000006f7      0x1dc CMakeFiles/modbus.elf.dir/Core/Src/dma.c.obj
 .debug_line    0x000008d3      0x213 CMakeFiles/modbus.elf.dir/Core/Src/gpio.c.obj
 .debug_line    0x00000ae6      0x4c0 CMakeFiles/modbus.elf.dir/Core/Src/main.c.obj
 .debug_line    0x00000fa6      0x403 CMakeFiles/modbus.elf.dir/Core/Src/modbus.c.obj
 .debug_line    0x000013a9      0x197 CMakeFiles/modbus.elf.dir/Core/Src/stm32f4xx_hal_msp.c.obj
 .debug_line    0x00001540      0x330 CMakeFiles/modbus.elf.dir/Core/Src/stm32f4xx_it.c.obj
 .debug_line    0x00001870      0x25e CMakeFiles/modbus.elf.dir/Core/Src/system_stm32f4xx.c.obj
 .debug_line    0x00001ace      0x2d3 CMakeFiles/modbus.elf.dir/Core/Src/tim.c.obj
 .debug_line    0x00001da1      0x3c1 CMakeFiles/modbus.elf.dir/Core/Src/usart.c.obj
 .debug_line    0x00002162       0x7a CMakeFiles/modbus.elf.dir/Core/Startup/startup_stm32f411ceux.s.obj
 .debug_line    0x000021dc      0x5dd CMakeFiles/modbus.elf.dir/Drivers/STM32F4xx_HAL_Driver/Src/stm32f4xx_hal.c.obj
 .debug_line    0x000027b9     0x1056 CMakeFiles/modbus.elf.dir/Drivers/STM32F4xx_HAL_Driver/Src/stm32f4xx_hal_adc.c.obj
 .debug_line    0x0000380f      0x885 CMakeFiles/modbus.elf.dir/Drivers/STM32F4xx_HAL_Driver/Src/stm32f4xx_hal_cortex.c.obj
 .debug_line    0x00004094      0xe8e CMakeFiles/modbus.elf.dir/Drivers/STM32F4xx_HAL_Driver/Src/stm32f4xx_hal_dma.c.obj
 .debug_line    0x00004f22      0x714 CMakeFiles/modbus.elf.dir/Drivers/STM32F4xx_HAL_Driver/Src/stm32f4xx_hal_gpio.c.obj
 .debug_line    0x00005636      0xbdf CMakeFiles/modbus.elf.dir/Drivers/STM32F4xx_HAL_Driver/Src/stm32f4xx_hal_rcc.c.obj
 .debug_line    0x00006215     0x46cb CMakeFiles/modbus.elf.dir/Drivers/STM32F4xx_HAL_Driver/Src/stm32f4xx_hal_tim.c.obj
 .debug_line    0x0000a8e0     0x3533 CMakeFiles/modbus.elf.dir/Drivers/STM32F4xx_HAL_Driver/Src/stm32f4xx_hal_uart.c.obj

.debug_str      0x00000000     0x3d35
 .debug_str     0x00000000     0x3d35 CMakeFiles/modbus.elf.dir/Core/Src/adc.c.obj
                                0x83d (size before relaxing)
 .debug_str     0x00003d35      0x1de CMakeFiles/modbus.elf.dir/Core/Src/crc.c.obj
 .debug_str     0x00003d35      0x69f CMakeFiles/modbus.elf.dir/Core/Src/dma.c.obj
 .debug_str     0x00003d35      0x3a4 CMakeFiles/modbus.elf.dir/Core/Src/gpio.c.obj
 .debug_str     0x00003d35      0xbf9 CMakeFiles/modbus.elf.dir/Core/Src/main.c.obj
 .debug_str     0x00003d35      0x746 CMakeFiles/modbus.elf.dir/Core/Src/modbus.c.obj
 .debug_str     0x00003d35      0x2e5 CMakeFiles/modbus.elf.dir/Core/Src/stm32f4xx_hal_msp.c.obj
 .debug_str     0x00003d35      0x76a CMakeFiles/modbus.elf.dir/Core/Src/stm32f4xx_it.c.obj
 .debug_str     0x00003d35      0x34b CMakeFiles/modbus.elf.dir/Core/Src/system_stm32f4xx.c.obj
 .debug_str     0x00003d35      0x894 CMakeFiles/modbus.elf.dir/Core/Src/tim.c.obj
 .debug_str     0x00003d35      0xc67 CMakeFiles/modbus.elf.dir/Core/Src/usart.c.obj
 .debug_str     0x00003d35       0x89 CMakeFiles/modbus.elf.dir/Core/Startup/startup_stm32f411ceux.s.obj
 .debug_str     0x00003d35      0xa36 CMakeFiles/modbus.elf.dir/Drivers/STM32F4xx_HAL_Driver/Src/stm32f4xx_hal.c.obj
 .debug_str     0x00003d35      0x97a CMakeFiles/modbus.elf.dir/Drivers/STM32F4xx_HAL_Driver/Src/stm32f4xx_hal_adc.c.obj
 .debug_str     0x00003d35      0xb03 CMakeFiles/modbus.elf.dir/Drivers/STM32F4xx_HAL_Driver/Src/stm32f4xx_hal_cortex.c.obj
 .debug_str     0x00003d35      0x78e CMakeFiles/modbus.elf.dir/Drivers/STM32F4xx_HAL_Driver/Src/stm32f4xx_hal_dma.c.obj
 .debug_str     0x00003d35      0x50a CMakeFiles/modbus.elf.dir/Drivers/STM32F4xx_HAL_Driver/Src/stm32f4xx_hal_gpio.c.obj
 .debug_str     0x00003d35      0x730 CMakeFiles/modbus.elf.dir/Drivers/STM32F4xx_HAL_Driver/Src/stm32f4xx_hal_rcc.c.obj
 .debug_str     0x00003d35     0x1717 CMakeFiles/modbus.elf.dir/Drivers/STM32F4xx_HAL_Driver/Src/stm32f4xx_hal_tim.c.obj
 .debug_str     0x00003d35      0xdb3 CMakeFiles/modbus.elf.dir/Drivers/STM32F4xx_HAL_Driver/Src/stm32f4xx_hal_uart.c.obj

.comment        0x00000000       0x45
 .comment       0x00000000       0x45 CMakeFiles/modbus.elf.dir/Core/Src/adc.c.obj
                                 0x46 (size before relaxing)
 .comment       0x00000045       0x46 CMakeFiles/modbus.elf.dir/Core/Src/crc.c.obj
 .comment       0x00000045       0x46 CMakeFiles/modbus.elf.dir/Core/Src/dma.c.obj
 .comment       0x00000045       0x46 CMakeFiles/modbus.elf.dir/Core/Src/gpio.c.obj
 .comment       0x00000045       0x46 CMakeFiles/modbus.elf.dir/Core/Src/main.c.obj
 .comment       0x00000045       0x46 CMakeFiles/modbus.elf.dir/Core/Src/modbus.c.obj
 .comment       0x00000045       0x46 CMakeFiles/modbus.elf.dir/Core/Src/stm32f4xx_hal_msp.c.obj
 .comment       0x00000045       0x46 CMakeFiles/modbus.elf.dir/Core/Src/stm32f4xx_it.c.obj
 .comment       0x00000045       0x46 CMakeFiles/modbus.elf.dir/Core/Src/system_stm32f4xx.c.obj
 .comment       0x00000045       0x46 CMakeFiles/modbus.elf.dir/Core/Src/tim.c.obj
 .comment       0x00000045       0x46 CMakeFiles/modbus.elf.dir/Core/Src/usart.c.obj
 .comment       0x00000045       0x46 CMakeFiles/modbus.elf.dir/Drivers/STM32F4xx_HAL_Driver/Src/stm32f4xx_hal.c.obj
 .comment       0x00000045       0x46 CMakeFiles/modbus.elf.dir/Drivers/STM32F4xx_HAL_Driver/Src/stm32f4xx_hal_adc.c.obj
 .comment       0x00000045       0x46 CMakeFiles/modbus.elf.dir/Drivers/STM32F4xx_HAL_Driver/Src/stm32f4xx_hal_cortex.c.obj
 .comment       0x00000045       0x46 CMakeFiles/modbus.elf.dir/Drivers/STM32F4xx_HAL_Driver/Src/stm32f4xx_hal_dma.c.obj
 .comment       0x00000045       0x46 CMakeFiles/modbus.elf.dir/Drivers/STM32F4xx_HAL_Driver/Src/stm32f4xx_hal_gpio.c.obj
 .comment       0x00000045       0x46 CMakeFiles/modbus.elf.dir/Drivers/STM32F4xx_HAL_Driver/Src/stm32f4xx_hal_rcc.c.obj
 .comment       0x00000045       0x46 CMakeFiles/modbus.elf.dir/Drivers/STM32F4xx_HAL_Driver/Src/stm32f4xx_hal_tim.c.obj
 .comment       0x00000045       0x46 CMakeFiles/modbus.elf.dir/Drivers/STM32F4xx_HAL_Driver/Src/stm32f4xx_hal_uart.c.obj

.debug_frame    0x00000000     0x2128
 .debug_frame   0x00000000       0x6c CMakeFiles/modbus.elf.dir/Core/Src/adc.c.obj
 .debug_frame   0x0000006c       0x28 CMakeFiles/modbus.elf.dir/Core/Src/crc.c.obj
 .debug_frame   0x00000094       0x30 CMakeFiles/modbus.elf.dir/Core/Src/dma.c.obj
 .debug_frame   0x000000c4       0x30 CMakeFiles/modbus.elf.dir/Core/Src/gpio.c.obj
 .debug_frame   0x000000f4       0x90 CMakeFiles/modbus.elf.dir/Core/Src/main.c.obj
 .debug_frame   0x00000184       0x58 CMakeFiles/modbus.elf.dir/Core/Src/modbus.c.obj
 .debug_frame   0x000001dc       0x28 CMakeFiles/modbus.elf.dir/Core/Src/stm32f4xx_hal_msp.c.obj
 .debug_frame   0x00000204       0xf0 CMakeFiles/modbus.elf.dir/Core/Src/stm32f4xx_it.c.obj
 .debug_frame   0x000002f4       0x30 CMakeFiles/modbus.elf.dir/Core/Src/system_stm32f4xx.c.obj
 .debug_frame   0x00000324       0x50 CMakeFiles/modbus.elf.dir/Core/Src/tim.c.obj
 .debug_frame   0x00000374       0x64 CMakeFiles/modbus.elf.dir/Core/Src/usart.c.obj
 .debug_frame   0x000003d8      0x1ec CMakeFiles/modbus.elf.dir/Drivers/STM32F4xx_HAL_Driver/Src/stm32f4xx_hal.c.obj
 .debug_frame   0x000005c4      0x268 CMakeFiles/modbus.elf.dir/Drivers/STM32F4xx_HAL_Driver/Src/stm32f4xx_hal_adc.c.obj
 .debug_frame   0x0000082c      0x1f4 CMakeFiles/modbus.elf.dir/Drivers/STM32F4xx_HAL_Driver/Src/stm32f4xx_hal_cortex.c.obj
 .debug_frame   0x00000a20      0x188 CMakeFiles/modbus.elf.dir/Drivers/STM32F4xx_HAL_Driver/Src/stm32f4xx_hal_dma.c.obj
 .debug_frame   0x00000ba8       0xd4 CMakeFiles/modbus.elf.dir/Drivers/STM32F4xx_HAL_Driver/Src/stm32f4xx_hal_gpio.c.obj
 .debug_frame   0x00000c7c      0x16c CMakeFiles/modbus.elf.dir/Drivers/STM32F4xx_HAL_Driver/Src/stm32f4xx_hal_rcc.c.obj
 .debug_frame   0x00000de8      0xb18 CMakeFiles/modbus.elf.dir/Drivers/STM32F4xx_HAL_Driver/Src/stm32f4xx_hal_tim.c.obj
 .debug_frame   0x00001900      0x5dc CMakeFiles/modbus.elf.dir/Drivers/STM32F4xx_HAL_Driver/Src/stm32f4xx_hal_uart.c.obj
 .debug_frame   0x00001edc       0x2c /Applications/ArmGNUToolchain/13.3.rel1/arm-none-eabi/bin/../lib/gcc/arm-none-eabi/13.3.1/thumb/v7e-m/nofp/libgcc.a(_aeabi_uldivmod.o)
 .debug_frame   0x00001f08       0x34 /Applications/ArmGNUToolchain/13.3.rel1/arm-none-eabi/bin/../lib/gcc/arm-none-eabi/13.3.1/thumb/v7e-m/nofp/libgcc.a(_udivmoddi4.o)
 .debug_frame   0x00001f3c       0x2c /Applications/ArmGNUToolchain/13.3.rel1/arm-none-eabi/bin/../lib/gcc/arm-none-eabi/13.3.1/../../../../arm-none-eabi/lib/thumb/v7e-m/nofp/libg.a(libc_a-memset.o)
 .debug_frame   0x00001f68       0x2c /Applications/ArmGNUToolchain/13.3.rel1/arm-none-eabi/bin/../lib/gcc/arm-none-eabi/13.3.1/../../../../arm-none-eabi/lib/thumb/v7e-m/nofp/libg.a(libc_a-init.o)
 .debug_frame   0x00001f94       0xb0 /Applications/ArmGNUToolchain/13.3.rel1/arm-none-eabi/bin/../lib/gcc/arm-none-eabi/13.3.1/../../../../arm-none-eabi/lib/thumb/v7e-m/nofp/libg.a(libc_a-lock.o)
 .debug_frame   0x00002044       0x5c /Applications/ArmGNUToolchain/13.3.rel1/arm-none-eabi/bin/../lib/gcc/arm-none-eabi/13.3.1/../../../../arm-none-eabi/lib/thumb/v7e-m/nofp/libg.a(libc_a-__call_atexit.o)
 .debug_frame   0x000020a0       0x20 /Applications/ArmGNUToolchain/13.3.rel1/arm-none-eabi/bin/../lib/gcc/arm-none-eabi/13.3.1/../../../../arm-none-eabi/lib/thumb/v7e-m/nofp/libg.a(libc_a-atexit.o)
 .debug_frame   0x000020c0       0x34 /Applications/ArmGNUToolchain/13.3.rel1/arm-none-eabi/bin/../lib/gcc/arm-none-eabi/13.3.1/../../../../arm-none-eabi/lib/thumb/v7e-m/nofp/libg.a(libc_a-fini.o)
 .debug_frame   0x000020f4       0x34 /Applications/ArmGNUToolchain/13.3.rel1/arm-none-eabi/bin/../lib/gcc/arm-none-eabi/13.3.1/../../../../arm-none-eabi/lib/thumb/v7e-m/nofp/libg.a(libc_a-__atexit.o)

.debug_line_str
                0x00000000      0x148
 .debug_line_str
                0x00000000      0x148 CMakeFiles/modbus.elf.dir/Core/Startup/startup_stm32f411ceux.s.obj
                                 0x6d (size before relaxing)
 .debug_line_str
                0x00000148       0xcf /Applications/ArmGNUToolchain/13.3.rel1/arm-none-eabi/bin/../lib/gcc/arm-none-eabi/13.3.1/thumb/v7e-m/nofp/libgcc.a(_aeabi_uldivmod.o)
 .debug_line_str
                0x00000148       0xd3 /Applications/ArmGNUToolchain/13.3.rel1/arm-none-eabi/bin/../lib/gcc/arm-none-eabi/13.3.1/thumb/v7e-m/nofp/libgcc.a(_dvmd_tls.o)
